// Jest Snapshot v1, https://goo.gl/fbAQLP

exports[`Banner should match snapshot of show favorites 1`] = `
<section
  className="banner-section"
>
  <h1
    className="banner-heading"
  >
    Favorites
  </h1>
  <div
    className="movie-tiles"
  >
    <div
      className="tile"
      key="266d0331-5eb9-4698-bf7f-eb1723b3179a"
    >
      <img
        alt=""
        className="tile"
        src="movieurl.com/movieposter/"
      />
    </div>
    <div
      className="tile"
      key="dd1a5433-dd3d-49d3-9c6b-8d40a9023d10"
    >
      <img
        alt=""
        className="tile"
        src="movieurl.com/movieposter/"
      />
    </div>
    <div
      className="tile"
      key="a8c6ef2e-1bec-4b2a-974f-3ec6533651f5"
    >
      <img
        alt=""
        className="tile"
        src="movieurl.com/movieposter/"
      />
    </div>
    <div
      className="tile"
      key="f2be0ec4-6568-4ad3-aa45-e5afa8ac6f3f"
    >
      <img
        alt=""
        className="tile"
        src="movieurl.com/movieposter/"
      />
    </div>
    <div
      className="tile"
      key="a3004ac1-1959-47d3-960b-659596d6af00"
    >
      <img
        alt=""
        className="tile"
        src="movieurl.com/movieposter/"
      />
    </div>
    <div
      className="tile"
      key="3f4f53f6-5005-4fb2-9bb8-8cc854db9833"
    >
      <img
        alt=""
        className="tile"
        src="movieurl.com/movieposter/"
      />
    </div>
    <div
      className="tile"
      key="6541ab73-1dfe-49e1-925e-76a1bc7d3350"
    >
      <img
        alt=""
        className="tile"
        src="movieurl.com/movieposter/"
      />
    </div>
    <div
      className="tile"
      key="338a54a9-3a84-4901-96b1-54e5620b46b0"
    >
      <img
        alt=""
        className="tile"
        src="movieurl.com/movieposter/"
      />
    </div>
    <div
      className="tile"
      key="d3eb7fad-4987-4edb-a72e-adeb44951731"
    >
      <img
        alt=""
        className="tile"
        src="movieurl.com/movieposter/"
      />
    </div>
    <div
      className="tile"
      key="3c70f5fb-ab92-4279-b9d7-8793bf388edc"
    >
      <img
        alt=""
        className="tile"
        src="movieurl.com/movieposter/"
      />
    </div>
    <div
      className="tile"
      key="c9970f4c-955c-49b6-a416-9eea636ad260"
    >
      <img
        alt=""
        className="tile"
        src="movieurl.com/movieposter/"
      />
    </div>
    <div
      className="tile"
      key="1e37387f-48a7-491e-9565-34122891c386"
    >
      <img
        alt=""
        className="tile"
        src="movieurl.com/movieposter/"
      />
    </div>
    <div
      className="tile"
      key="af2616a2-0783-4a9e-9833-74f90e911c8c"
    >
      <img
        alt=""
        className="tile"
        src="movieurl.com/movieposter/"
      />
    </div>
    <div
      className="tile"
      key="6117ef51-b110-41ad-99e8-a3a28cb0369e"
    >
      <img
        alt=""
        className="tile"
        src="movieurl.com/movieposter/"
      />
    </div>
    <div
      className="tile"
      key="2bb1efbb-a094-44ad-9cdd-042d03fb3bf8"
    >
      <img
        alt=""
        className="tile"
        src="movieurl.com/movieposter/"
      />
    </div>
    <div
      className="tile"
      key="a19438e4-5746-40cf-98ff-9d987c6e94f0"
    >
      <img
        alt=""
        className="tile"
        src="movieurl.com/movieposter/"
      />
    </div>
    <div
      className="tile"
      key="50fa35f5-1ea2-4a86-8838-b2087b420024"
    >
      <img
        alt=""
        className="tile"
        src="movieurl.com/movieposter/"
      />
    </div>
    <div
      className="tile"
      key="444d02c2-7968-4250-96ea-80d40e0f9fa5"
    >
      <img
        alt=""
        className="tile"
        src="movieurl.com/movieposter/"
      />
    </div>
    <div
      className="tile"
      key="d6fa7a10-2d65-4020-9d10-b63108daa1c8"
    >
      <img
        alt=""
        className="tile"
        src="movieurl.com/movieposter/"
      />
    </div>
    <div
      className="tile"
      key="280ed134-2989-40b0-85fa-ed0652607132"
    >
      <img
        alt=""
        className="tile"
        src="movieurl.com/movieposter/"
      />
    </div>
    <div
      className="tile"
      key="a520f91a-85d5-483a-8e20-006dd049694d"
    >
      <img
        alt=""
        className="tile"
        src="movieurl.com/movieposter/"
      />
    </div>
    <div
      className="tile"
      key="eb675435-b4f0-4d43-b9e0-9bbd635eff70"
    >
      <img
        alt=""
        className="tile"
        src="movieurl.com/movieposter/"
      />
    </div>
    <div
      className="tile"
      key="e6e91566-f6ee-465a-9c79-352e4922308d"
    >
      <img
        alt=""
        className="tile"
        src="movieurl.com/movieposter/"
      />
    </div>
    <div
      className="tile"
      key="bb0267db-7c5d-49e3-805a-b61419ead716"
    >
      <img
        alt=""
        className="tile"
        src="movieurl.com/movieposter/"
      />
    </div>
    <div
      className="tile"
      key="38a62823-2679-4746-89c2-0bfde948158f"
    >
      <img
        alt=""
        className="tile"
        src="movieurl.com/movieposter/"
      />
    </div>
    <div
      className="tile"
      key="9138c343-055b-482e-912b-7a496ffb183d"
    >
      <img
        alt=""
        className="tile"
        src="movieurl.com/movieposter/"
      />
    </div>
    <div
      className="tile"
      key="b0a6ef43-162b-41f9-a17c-36e7f1459212"
    >
      <img
        alt=""
        className="tile"
        src="movieurl.com/movieposter/"
      />
    </div>
    <div
      className="tile"
      key="c73a21d5-9ef3-4809-95a7-4728e2158e03"
    >
      <img
        alt=""
        className="tile"
        src="movieurl.com/movieposter/"
      />
    </div>
    <div
      className="tile"
      key="3e101ed6-0a96-4ea2-90ac-5d6c85c820f8"
    >
      <img
        alt=""
        className="tile"
        src="movieurl.com/movieposter/"
      />
    </div>
    <div
      className="tile"
      key="4f7525ff-8b81-4eca-ad4d-f47887a61a41"
    >
      <img
        alt=""
        className="tile"
        src="movieurl.com/movieposter/"
      />
    </div>
    <div
      className="tile"
      key="ba9553eb-fe1c-4011-8bee-d66e9d22986c"
    >
      <img
        alt=""
        className="tile"
        src="movieurl.com/movieposter/"
      />
    </div>
    <div
      className="tile"
      key="57a43461-f150-4b4a-b584-2f486d854b73"
    >
      <img
        alt=""
        className="tile"
        src="movieurl.com/movieposter/"
      />
    </div>
    <div
      className="tile"
      key="a13e765b-c1e7-4ef3-b14e-9470ff46e457"
    >
      <img
        alt=""
        className="tile"
        src="movieurl.com/movieposter/"
      />
    </div>
    <div
      className="tile"
      key="27eafd76-8de3-4e90-9b47-4189834c24be"
    >
      <img
        alt=""
        className="tile"
        src="movieurl.com/movieposter/"
      />
    </div>
    <div
      className="tile"
      key="5b53c04c-fdb9-4fb7-9b12-ebbf357f547e"
    >
      <img
        alt=""
        className="tile"
        src="movieurl.com/movieposter/"
      />
    </div>
    <div
      className="tile"
      key="c6a3b796-dcd4-48ce-8002-fc2369288fd1"
    >
      <img
        alt=""
        className="tile"
        src="movieurl.com/movieposter/"
      />
    </div>
    <div
      className="tile"
      key="b2d457cd-5a56-4a9f-9b4f-af6f3919538a"
    >
      <img
        alt=""
        className="tile"
        src="movieurl.com/movieposter/"
      />
    </div>
    <div
      className="tile"
      key="3f63b54d-60a4-4a27-97c8-21cd1a6ff547"
    >
      <img
        alt=""
        className="tile"
        src="movieurl.com/movieposter/"
      />
    </div>
    <div
      className="tile"
      key="b3943e83-9c0b-4281-a321-8856fbee13ff"
    >
      <img
        alt=""
        className="tile"
        src="movieurl.com/movieposter/"
      />
    </div>
    <div
      className="tile"
      key="56525554-dfbe-41ab-aaf7-7fba9ff140d6"
    >
      <img
        alt=""
        className="tile"
        src="movieurl.com/movieposter/"
      />
    </div>
    <div
      className="tile"
      key="a117a5fd-26c0-4b7b-be24-af7f05351ca7"
    >
      <img
        alt=""
        className="tile"
        src="movieurl.com/movieposter/"
      />
    </div>
    <div
      className="tile"
      key="793805d6-d179-4f06-9d61-3e301ec96ea4"
    >
      <img
        alt=""
        className="tile"
        src="movieurl.com/movieposter/"
      />
    </div>
    <div
      className="tile"
      key="e9eec50c-d2de-4250-bb15-54817b19e458"
    >
      <img
        alt=""
        className="tile"
        src="movieurl.com/movieposter/"
      />
    </div>
    <div
      className="tile"
      key="a5e36d16-ac41-4921-aefe-a4b1cc112693"
    >
      <img
        alt=""
        className="tile"
        src="movieurl.com/movieposter/"
      />
    </div>
    <div
      className="tile"
      key="a8566f08-6d1e-43e2-a19c-679366b41f8f"
    >
      <img
        alt=""
        className="tile"
        src="movieurl.com/movieposter/"
      />
    </div>
    <div
      className="tile"
      key="76f77bc4-a1be-4c5d-9b2d-27e0868904cf"
    >
      <img
        alt=""
        className="tile"
        src="movieurl.com/movieposter/"
      />
    </div>
    <div
      className="tile"
      key="937b2868-bcb8-4355-83b4-f044c52af4b0"
    >
      <img
        alt=""
        className="tile"
        src="movieurl.com/movieposter/"
      />
    </div>
    <div
      className="tile"
      key="0ce48e96-c395-4407-9a22-9849101a0fac"
    >
      <img
        alt=""
        className="tile"
        src="movieurl.com/movieposter/"
      />
    </div>
    <div
      className="tile"
      key="cef7b017-a37e-4f3f-9857-276b4601c1e1"
    >
      <img
        alt=""
        className="tile"
        src="movieurl.com/movieposter/"
      />
    </div>
    <div
      className="tile"
      key="a341afb1-780b-4def-a528-73ebe0d34a81"
    >
      <img
        alt=""
        className="tile"
        src="movieurl.com/movieposter/"
      />
    </div>
    <div
      className="tile"
      key="ce169e8d-9349-47bf-b30f-f9a21b724b9c"
    >
      <img
        alt=""
        className="tile"
        src="movieurl.com/movieposter/"
      />
    </div>
    <div
      className="tile"
      key="dcf48bf0-f9ba-470a-884d-81057db73347"
    >
      <img
        alt=""
        className="tile"
        src="movieurl.com/movieposter/"
      />
    </div>
    <div
      className="tile"
      key="bf558329-5d94-4114-bf92-d85302b07f9e"
    >
      <img
        alt=""
        className="tile"
        src="movieurl.com/movieposter/"
      />
    </div>
    <div
      className="tile"
      key="1a897a43-126d-4424-9600-5e0e7afabe91"
    >
      <img
        alt=""
        className="tile"
        src="movieurl.com/movieposter/"
      />
    </div>
    <div
      className="tile"
      key="6b529167-699a-4b54-970c-061ee16efa07"
    >
      <img
        alt=""
        className="tile"
        src="movieurl.com/movieposter/"
      />
    </div>
    <div
      className="tile"
      key="e33e3ffd-af30-4f28-a2eb-5b90818e26b7"
    >
      <img
        alt=""
        className="tile"
        src="movieurl.com/movieposter/"
      />
    </div>
    <div
      className="tile"
      key="8685e18a-ace8-4640-98fa-1fc39b48e72a"
    >
      <img
        alt=""
        className="tile"
        src="movieurl.com/movieposter/"
      />
    </div>
    <div
      className="tile"
      key="fd0d016e-393c-4708-9dbc-7b1b223f0235"
    >
      <img
        alt=""
        className="tile"
        src="movieurl.com/movieposter/"
      />
    </div>
    <div
      className="tile"
      key="9fb5b3d7-4ddd-44fe-a38d-24d07531b0ae"
    >
      <img
        alt=""
        className="tile"
        src="movieurl.com/movieposter/"
      />
    </div>
    <div
      className="tile"
      key="5711e591-5332-433a-b2d0-5510b6d28b3c"
    >
      <img
        alt=""
        className="tile"
        src="movieurl.com/movieposter/"
      />
    </div>
    <div
      className="tile"
      key="09330d19-c5b6-475d-a84d-3161d844c256"
    >
      <img
        alt=""
        className="tile"
        src="movieurl.com/movieposter/"
      />
    </div>
    <div
      className="tile"
      key="5d21120a-6ff3-46d3-a2b2-f5580aa13121"
    >
      <img
        alt=""
        className="tile"
        src="movieurl.com/movieposter/"
      />
    </div>
    <div
      className="tile"
      key="72b96da0-06ba-46d0-ab68-c1931a651ff0"
    >
      <img
        alt=""
        className="tile"
        src="movieurl.com/movieposter/"
      />
    </div>
    <div
      className="tile"
      key="b251f068-d7a7-471a-95a3-8181f0c01da5"
    >
      <img
        alt=""
        className="tile"
        src="movieurl.com/movieposter/"
      />
    </div>
    <div
      className="tile"
      key="4e6406e2-890f-471e-93eb-79803579875e"
    >
      <img
        alt=""
        className="tile"
        src="movieurl.com/movieposter/"
      />
    </div>
    <div
      className="tile"
      key="80838aac-09a4-42bc-ae5e-5fbd666262e4"
    >
      <img
        alt=""
        className="tile"
        src="movieurl.com/movieposter/"
      />
    </div>
    <div
      className="tile"
      key="b6c5a8c3-b350-479e-a86c-580572e4c104"
    >
      <img
        alt=""
        className="tile"
        src="movieurl.com/movieposter/"
      />
    </div>
    <div
      className="tile"
      key="d2afff00-2d1a-4c96-8e8e-20d32a0130d0"
    >
      <img
        alt=""
        className="tile"
        src="movieurl.com/movieposter/"
      />
    </div>
    <div
      className="tile"
      key="3276991f-9ca0-4804-b04f-5e7fabdf0b8e"
    >
      <img
        alt=""
        className="tile"
        src="movieurl.com/movieposter/"
      />
    </div>
    <div
      className="tile"
      key="91b6a680-507f-4d8b-9ac0-52e131450463"
    >
      <img
        alt=""
        className="tile"
        src="movieurl.com/movieposter/"
      />
    </div>
    <div
      className="tile"
      key="92690955-2538-4fa3-981b-fbc978cc234b"
    >
      <img
        alt=""
        className="tile"
        src="movieurl.com/movieposter/"
      />
    </div>
    <div
      className="tile"
      key="c6990358-1a9d-44d3-a6b6-04472f97aefe"
    >
      <img
        alt=""
        className="tile"
        src="movieurl.com/movieposter/"
      />
    </div>
    <div
      className="tile"
      key="d89f68e0-5131-4a94-bb61-1fec427f321d"
    >
      <img
        alt=""
        className="tile"
        src="movieurl.com/movieposter/"
      />
    </div>
    <div
      className="tile"
      key="f40556bb-48b7-4eb8-b1fb-0d96d83f6031"
    >
      <img
        alt=""
        className="tile"
        src="movieurl.com/movieposter/"
      />
    </div>
    <div
      className="tile"
      key="15331ae2-41d5-4824-836e-dbe24fc9d984"
    >
      <img
        alt=""
        className="tile"
        src="movieurl.com/movieposter/"
      />
    </div>
    <div
      className="tile"
      key="544e8a2e-fdd0-4e26-977c-38b1c3bc9b6b"
    >
      <img
        alt=""
        className="tile"
        src="movieurl.com/movieposter/"
      />
    </div>
    <div
      className="tile"
      key="7f4456ef-96fa-429b-9801-e10aac583b39"
    >
      <img
        alt=""
        className="tile"
        src="movieurl.com/movieposter/"
      />
    </div>
    <div
      className="tile"
      key="e2182edf-287d-41ac-b08b-0d0bb0aacdff"
    >
      <img
        alt=""
        className="tile"
        src="movieurl.com/movieposter/"
      />
    </div>
    <div
      className="tile"
      key="4866c887-2cae-495a-8e09-b7be3d107d3b"
    >
      <img
        alt=""
        className="tile"
        src="movieurl.com/movieposter/"
      />
    </div>
    <div
      className="tile"
      key="ae9a9785-16ba-4175-aa17-746071dc9902"
    >
      <img
        alt=""
        className="tile"
        src="movieurl.com/movieposter/"
      />
    </div>
    <div
      className="tile"
      key="9b1ee830-d47e-4fcc-939f-60c3ac56de7d"
    >
      <img
        alt=""
        className="tile"
        src="movieurl.com/movieposter/"
      />
    </div>
    <div
      className="tile"
      key="176ce080-8c52-412e-a1b5-0660e4900d17"
    >
      <img
        alt=""
        className="tile"
        src="movieurl.com/movieposter/"
      />
    </div>
    <div
      className="tile"
      key="b74cc6ab-ae2e-406f-a76f-7f1b62a0d32a"
    >
      <img
        alt=""
        className="tile"
        src="movieurl.com/movieposter/"
      />
    </div>
    <div
      className="tile"
      key="697dcda9-8e34-4b92-9568-da75f4015088"
    >
      <img
        alt=""
        className="tile"
        src="movieurl.com/movieposter/"
      />
    </div>
    <div
      className="tile"
      key="a3cc0cba-d9bd-4764-b3ce-e202db108aee"
    >
      <img
        alt=""
        className="tile"
        src="movieurl.com/movieposter/"
      />
    </div>
    <div
      className="tile"
      key="c039a3fc-f3cb-487b-8bbf-9c03753062f9"
    >
      <img
        alt=""
        className="tile"
        src="movieurl.com/movieposter/"
      />
    </div>
    <div
      className="tile"
      key="5dae472e-513a-42a4-9201-b6ac8bbb0c00"
    >
      <img
        alt=""
        className="tile"
        src="movieurl.com/movieposter/"
      />
    </div>
    <div
      className="tile"
      key="bfe2aa0c-9a60-4d49-86ed-11cee3935bdf"
    >
      <img
        alt=""
        className="tile"
        src="movieurl.com/movieposter/"
      />
    </div>
    <div
      className="tile"
      key="0f3c4edd-85ee-4869-9d89-9ec37003beb1"
    >
      <img
        alt=""
        className="tile"
        src="movieurl.com/movieposter/"
      />
    </div>
    <div
      className="tile"
      key="20f93b2c-d8ae-4520-b2d9-07b02ca47290"
    >
      <img
        alt=""
        className="tile"
        src="movieurl.com/movieposter/"
      />
    </div>
    <div
      className="tile"
      key="7234af84-972b-462d-a41a-687ee49bb994"
    >
      <img
        alt=""
        className="tile"
        src="movieurl.com/movieposter/"
      />
    </div>
    <div
      className="tile"
      key="c9b13f35-d36f-41f6-a336-5f9cb8cff04f"
    >
      <img
        alt=""
        className="tile"
        src="movieurl.com/movieposter/"
      />
    </div>
    <div
      className="tile"
      key="463d5d15-9bfa-4848-a037-a2af9101a6b6"
    >
      <img
        alt=""
        className="tile"
        src="movieurl.com/movieposter/"
      />
    </div>
    <div
      className="tile"
      key="be6e8c47-8758-47b5-b7cf-8094e511ad71"
    >
      <img
        alt=""
        className="tile"
        src="movieurl.com/movieposter/"
      />
    </div>
    <div
      className="tile"
      key="2129fb49-cbc0-4e91-8aca-430d903ff2a6"
    >
      <img
        alt=""
        className="tile"
        src="movieurl.com/movieposter/"
      />
    </div>
    <div
      className="tile"
      key="3c17ca7e-f6b1-48d2-89fe-dbb5cc12ef04"
    >
      <img
        alt=""
        className="tile"
        src="movieurl.com/movieposter/"
      />
    </div>
    <div
      className="tile"
      key="37f5326f-ff94-442c-8d01-a7207f61b937"
    >
      <img
        alt=""
        className="tile"
        src="movieurl.com/movieposter/"
      />
    </div>
    <div
      className="tile"
      key="73f49460-dc85-483e-9911-08065f2390ad"
    >
      <img
        alt=""
        className="tile"
        src="movieurl.com/movieposter/"
      />
    </div>
    <div
      className="tile"
      key="48f7c536-d84a-4490-8eea-e053d0c8a9dd"
    >
      <img
        alt=""
        className="tile"
        src="movieurl.com/movieposter/"
      />
    </div>
    <div
      className="tile"
      key="5ca9150e-08be-4fab-9d3c-7d3d1ff5d014"
    >
      <img
        alt=""
        className="tile"
        src="movieurl.com/movieposter/"
      />
    </div>
    <div
      className="tile"
      key="9e4d3cbd-e038-4764-98d2-533102f70ab4"
    >
      <img
        alt=""
        className="tile"
        src="movieurl.com/movieposter/"
      />
    </div>
    <div
      className="tile"
      key="26ca2c66-cf4c-4778-ae36-14f282f63289"
    >
      <img
        alt=""
        className="tile"
        src="movieurl.com/movieposter/"
      />
    </div>
    <div
      className="tile"
      key="c781ac36-eafe-451c-b9b7-367b4b30187f"
    >
      <img
        alt=""
        className="tile"
        src="movieurl.com/movieposter/"
      />
    </div>
    <div
      className="tile"
      key="f632d636-ad3d-4bf6-8688-a2ab011fc03a"
    >
      <img
        alt=""
        className="tile"
        src="movieurl.com/movieposter/"
      />
    </div>
    <div
      className="tile"
      key="9fb43e3b-fc74-4472-afad-a90fa4fb04cb"
    >
      <img
        alt=""
        className="tile"
        src="movieurl.com/movieposter/"
      />
    </div>
    <div
      className="tile"
      key="1b377fe4-7336-4bac-8f6f-b86bdaef7204"
    >
      <img
        alt=""
        className="tile"
        src="movieurl.com/movieposter/"
      />
    </div>
    <div
      className="tile"
      key="db408e8b-1533-4a72-aa3b-62092b76a9cf"
    >
      <img
        alt=""
        className="tile"
        src="movieurl.com/movieposter/"
      />
    </div>
    <div
      className="tile"
      key="03356582-2ea8-40b2-bfe3-a5639975a127"
    >
      <img
        alt=""
        className="tile"
        src="movieurl.com/movieposter/"
      />
    </div>
    <div
      className="tile"
      key="593f1c41-2596-41fd-9d27-d049988231dc"
    >
      <img
        alt=""
        className="tile"
        src="movieurl.com/movieposter/"
      />
    </div>
    <div
      className="tile"
      key="3634a5f6-5e05-4077-bf12-2fe1bb6c8376"
    >
      <img
        alt=""
        className="tile"
        src="movieurl.com/movieposter/"
      />
    </div>
    <div
      className="tile"
      key="1c212d38-dd6f-4562-81dc-bc9418f8116a"
    >
      <img
        alt=""
        className="tile"
        src="movieurl.com/movieposter/"
      />
    </div>
    <div
      className="tile"
      key="df81970e-f95e-40e7-b0ac-b0206dfe5d7d"
    >
      <img
        alt=""
        className="tile"
        src="movieurl.com/movieposter/"
      />
    </div>
    <div
      className="tile"
      key="3f92956b-47fd-4f0b-bc84-2a875dea0e2c"
    >
      <img
        alt=""
        className="tile"
        src="movieurl.com/movieposter/"
      />
    </div>
    <div
      className="tile"
      key="427587ac-63bf-411d-bfbe-a27b10a8927a"
    >
      <img
        alt=""
        className="tile"
        src="movieurl.com/movieposter/"
      />
    </div>
    <div
      className="tile"
      key="5547e691-62b4-44ff-8516-514f48e16c87"
    >
      <img
        alt=""
        className="tile"
        src="movieurl.com/movieposter/"
      />
    </div>
    <div
      className="tile"
      key="f65c704d-f7dd-44d8-bf6c-e8b450729674"
    >
      <img
        alt=""
        className="tile"
        src="movieurl.com/movieposter/"
      />
    </div>
    <div
      className="tile"
      key="aa41d95f-5180-40fb-93dd-a9197ef03b4d"
    >
      <img
        alt=""
        className="tile"
        src="movieurl.com/movieposter/"
      />
    </div>
    <div
      className="tile"
      key="879c0ab2-6872-4755-8a84-9203561489fb"
    >
      <img
        alt=""
        className="tile"
        src="movieurl.com/movieposter/"
      />
    </div>
    <div
      className="tile"
      key="99ce6320-1416-465b-a9c5-fb4955dcab45"
    >
      <img
        alt=""
        className="tile"
        src="movieurl.com/movieposter/"
      />
    </div>
    <div
      className="tile"
      key="bc97a652-ded5-4b17-992d-492031136036"
    >
      <img
        alt=""
        className="tile"
        src="movieurl.com/movieposter/"
      />
    </div>
    <div
      className="tile"
      key="cbe99012-5fc3-4495-88e1-017e6a4cc9c1"
    >
      <img
        alt=""
        className="tile"
        src="movieurl.com/movieposter/"
      />
    </div>
    <div
      className="tile"
      key="89db2289-6bf6-4cdc-947a-587b539bff1b"
    >
      <img
        alt=""
        className="tile"
        src="movieurl.com/movieposter/"
      />
    </div>
    <div
      className="tile"
      key="61d8fda4-5493-407b-8f5f-e87f3d67e074"
    >
      <img
        alt=""
        className="tile"
        src="movieurl.com/movieposter/"
      />
    </div>
    <div
      className="tile"
      key="fe884692-9f28-4309-b394-8702639499f6"
    >
      <img
        alt=""
        className="tile"
        src="movieurl.com/movieposter/"
      />
    </div>
    <div
      className="tile"
      key="94324a5c-70dd-4e0c-8646-80817e8333f1"
    >
      <img
        alt=""
        className="tile"
        src="movieurl.com/movieposter/"
      />
    </div>
    <div
      className="tile"
      key="79581ba8-8ca7-4e48-82ab-9b1e92484188"
    >
      <img
        alt=""
        className="tile"
        src="movieurl.com/movieposter/"
      />
    </div>
    <div
      className="tile"
      key="68f62cd8-44f3-40d8-8d8f-21f380017b4d"
    >
      <img
        alt=""
        className="tile"
        src="movieurl.com/movieposter/"
      />
    </div>
    <div
      className="tile"
      key="ce122bb5-e240-42f5-b475-89fcfb57c766"
    >
      <img
        alt=""
        className="tile"
        src="movieurl.com/movieposter/"
      />
    </div>
    <div
      className="tile"
      key="86067dba-e445-40e1-ad81-b13c34be4bad"
    >
      <img
        alt=""
        className="tile"
        src="movieurl.com/movieposter/"
      />
    </div>
    <div
      className="tile"
      key="2da08cad-02ad-41aa-a09f-763d63ef4f4e"
    >
      <img
        alt=""
        className="tile"
        src="movieurl.com/movieposter/"
      />
    </div>
    <div
      className="tile"
      key="e7061fdc-5d36-46b8-955e-f1562b26a971"
    >
      <img
        alt=""
        className="tile"
        src="movieurl.com/movieposter/"
      />
    </div>
    <div
      className="tile"
      key="3a4650e3-5120-41c5-aadc-da4b61760009"
    >
      <img
        alt=""
        className="tile"
        src="movieurl.com/movieposter/"
      />
    </div>
    <div
      className="tile"
      key="fd38ecb0-44b4-46b0-b201-9dce6ecd3561"
    >
      <img
        alt=""
        className="tile"
        src="movieurl.com/movieposter/"
      />
    </div>
    <div
      className="tile"
      key="423f8c22-88cb-434a-a452-fc0fb908ca8a"
    >
      <img
        alt=""
        className="tile"
        src="movieurl.com/movieposter/"
      />
    </div>
    <div
      className="tile"
      key="824cd79a-6eef-4355-a42f-8e35723774b8"
    >
      <img
        alt=""
        className="tile"
        src="movieurl.com/movieposter/"
      />
    </div>
    <div
      className="tile"
      key="cf651aca-523e-4fd0-9d3e-ea26ba6d74bd"
    >
      <img
        alt=""
        className="tile"
        src="movieurl.com/movieposter/"
      />
    </div>
    <div
      className="tile"
      key="f10282a2-e7d2-41bf-a7d7-580d83d286d0"
    >
      <img
        alt=""
        className="tile"
        src="movieurl.com/movieposter/"
      />
    </div>
    <div
      className="tile"
      key="bbadc12b-4e4a-445a-959d-20b01fd961bd"
    >
      <img
        alt=""
        className="tile"
        src="movieurl.com/movieposter/"
      />
    </div>
    <div
      className="tile"
      key="94b1b5c0-bf0f-4db2-ba3e-0ae76c83519e"
    >
      <img
        alt=""
        className="tile"
        src="movieurl.com/movieposter/"
      />
    </div>
    <div
      className="tile"
      key="4d03ba8f-2e6f-4af3-96c7-db0d3fc7a906"
    >
      <img
        alt=""
        className="tile"
        src="movieurl.com/movieposter/"
      />
    </div>
    <div
      className="tile"
      key="1750118c-b7f1-4f9d-b63d-439f63cb4b5c"
    >
      <img
        alt=""
        className="tile"
        src="movieurl.com/movieposter/"
      />
    </div>
    <div
      className="tile"
      key="4dd9f00b-00fd-45fe-b241-47e7763c486d"
    >
      <img
        alt=""
        className="tile"
        src="movieurl.com/movieposter/"
      />
    </div>
    <div
      className="tile"
      key="8a629796-737e-457e-89c5-4ee93def1416"
    >
      <img
        alt=""
        className="tile"
        src="movieurl.com/movieposter/"
      />
    </div>
    <div
      className="tile"
      key="6693de21-eea1-4dda-89cf-a95e3f67cc5c"
    >
      <img
        alt=""
        className="tile"
        src="movieurl.com/movieposter/"
      />
    </div>
    <div
      className="tile"
      key="61e54d92-9396-4f39-96d1-f8bfe34608aa"
    >
      <img
        alt=""
        className="tile"
        src="movieurl.com/movieposter/"
      />
    </div>
    <div
      className="tile"
      key="e471decc-ee98-40ca-b3b1-cd545fcfe2af"
    >
      <img
        alt=""
        className="tile"
        src="movieurl.com/movieposter/"
      />
    </div>
    <div
      className="tile"
      key="bafed146-a154-480d-b277-57e3f47bc1ba"
    >
      <img
        alt=""
        className="tile"
        src="movieurl.com/movieposter/"
      />
    </div>
    <div
      className="tile"
      key="d37c4eaa-fae8-4f46-86ea-fcd5b7504cda"
    >
      <img
        alt=""
        className="tile"
        src="movieurl.com/movieposter/"
      />
    </div>
    <div
      className="tile"
      key="fb247987-3ecf-462a-aaed-d29e920693fd"
    >
      <img
        alt=""
        className="tile"
        src="movieurl.com/movieposter/"
      />
    </div>
    <div
      className="tile"
      key="0f06916a-c0ba-4716-947a-dba63a40cdaa"
    >
      <img
        alt=""
        className="tile"
        src="movieurl.com/movieposter/"
      />
    </div>
    <div
      className="tile"
      key="dcd026b7-d207-4c58-ab7d-ee26712828e3"
    >
      <img
        alt=""
        className="tile"
        src="movieurl.com/movieposter/"
      />
    </div>
    <div
      className="tile"
      key="77c8d598-6f56-4608-94dc-9fe42e90d158"
    >
      <img
        alt=""
        className="tile"
        src="movieurl.com/movieposter/"
      />
    </div>
    <div
      className="tile"
      key="e44ae0b1-f1e1-4ac2-9660-3ea5faa72138"
    >
      <img
        alt=""
        className="tile"
        src="movieurl.com/movieposter/"
      />
    </div>
    <div
      className="tile"
      key="62e2fb83-5f4a-41bb-81b3-eee5d83f58ab"
    >
      <img
        alt=""
        className="tile"
        src="movieurl.com/movieposter/"
      />
    </div>
    <div
      className="tile"
      key="0dd9f554-b89b-4041-ad64-fc7a6955ec65"
    >
      <img
        alt=""
        className="tile"
        src="movieurl.com/movieposter/"
      />
    </div>
    <div
      className="tile"
      key="f18b33ae-e9ae-4813-819a-989364e50833"
    >
      <img
        alt=""
        className="tile"
        src="movieurl.com/movieposter/"
      />
    </div>
    <div
      className="tile"
      key="bd163773-55e4-4370-93aa-c779c4661ed0"
    >
      <img
        alt=""
        className="tile"
        src="movieurl.com/movieposter/"
      />
    </div>
    <div
      className="tile"
      key="81a2a1c5-1f79-4bb6-b478-3978c8e9c9b0"
    >
      <img
        alt=""
        className="tile"
        src="movieurl.com/movieposter/"
      />
    </div>
    <div
      className="tile"
      key="59bb0dff-aeb6-4b6a-828a-8b4e42931b3e"
    >
      <img
        alt=""
        className="tile"
        src="movieurl.com/movieposter/"
      />
    </div>
    <div
      className="tile"
      key="2c264171-e453-4706-b9e5-14b487ae3686"
    >
      <img
        alt=""
        className="tile"
        src="movieurl.com/movieposter/"
      />
    </div>
    <div
      className="tile"
      key="8e15b342-6486-4f18-9ab1-855a21ac4e26"
    >
      <img
        alt=""
        className="tile"
        src="movieurl.com/movieposter/"
      />
    </div>
    <div
      className="tile"
      key="3fe007d2-f053-4a21-b764-9593c9ae5ece"
    >
      <img
        alt=""
        className="tile"
        src="movieurl.com/movieposter/"
      />
    </div>
    <div
      className="tile"
      key="36f3bb91-af37-484f-bb2b-cfd9bde47476"
    >
      <img
        alt=""
        className="tile"
        src="movieurl.com/movieposter/"
      />
    </div>
    <div
      className="tile"
      key="f09860a3-cf19-4949-b638-5beaf12a3b03"
    >
      <img
        alt=""
        className="tile"
        src="movieurl.com/movieposter/"
      />
    </div>
    <div
      className="tile"
      key="9fc2e732-d0ca-49c4-871c-7ad1eb57a4f0"
    >
      <img
        alt=""
        className="tile"
        src="movieurl.com/movieposter/"
      />
    </div>
    <div
      className="tile"
      key="ec38e036-acb4-46ae-9f72-c4e7d9674c7d"
    >
      <img
        alt=""
        className="tile"
        src="movieurl.com/movieposter/"
      />
    </div>
    <div
      className="tile"
      key="d5839a3d-d5b5-4ba9-a1a6-098e3fc1f989"
    >
      <img
        alt=""
        className="tile"
        src="movieurl.com/movieposter/"
      />
    </div>
    <div
      className="tile"
      key="cc196694-5932-4fcb-8239-0a2bb9b17d49"
    >
      <img
        alt=""
        className="tile"
        src="movieurl.com/movieposter/"
      />
    </div>
    <div
      className="tile"
      key="add5c64f-73ea-4392-9789-426c4dd19cd9"
    >
      <img
        alt=""
        className="tile"
        src="movieurl.com/movieposter/"
      />
    </div>
    <div
      className="tile"
      key="b1c126cc-581f-457e-a67c-92ff7024c7e9"
    >
      <img
        alt=""
        className="tile"
        src="movieurl.com/movieposter/"
      />
    </div>
    <div
      className="tile"
      key="8dc6e50d-6797-44f0-8242-8ba28cdcf56a"
    >
      <img
        alt=""
        className="tile"
        src="movieurl.com/movieposter/"
      />
    </div>
    <div
      className="tile"
      key="2b101511-3f03-49f4-b65e-b07d6fc7e948"
    >
      <img
        alt=""
        className="tile"
        src="movieurl.com/movieposter/"
      />
    </div>
    <div
      className="tile"
      key="6b8617ea-d428-42c1-a1f3-03cd0998dbf0"
    >
      <img
        alt=""
        className="tile"
        src="movieurl.com/movieposter/"
      />
    </div>
    <div
      className="tile"
      key="c0fa826f-cf90-45dd-9d0f-799abfa1fee8"
    >
      <img
        alt=""
        className="tile"
        src="movieurl.com/movieposter/"
      />
    </div>
    <div
      className="tile"
      key="857e61c9-4a18-40b5-afe3-3174e9236fca"
    >
      <img
        alt=""
        className="tile"
        src="movieurl.com/movieposter/"
      />
    </div>
    <div
      className="tile"
      key="7b09d018-8d0b-40ce-ad4b-6e755020d489"
    >
      <img
        alt=""
        className="tile"
        src="movieurl.com/movieposter/"
      />
    </div>
    <div
      className="tile"
      key="08e936fe-f4d7-4df6-9a67-c1019942af1e"
    >
      <img
        alt=""
        className="tile"
        src="movieurl.com/movieposter/"
      />
    </div>
    <div
      className="tile"
      key="96f4a96a-6c71-488c-ac73-09bf27aa4ba8"
    >
      <img
        alt=""
        className="tile"
        src="movieurl.com/movieposter/"
      />
    </div>
    <div
      className="tile"
      key="4ca66962-1292-41af-b0cb-1f3de31125f7"
    >
      <img
        alt=""
        className="tile"
        src="movieurl.com/movieposter/"
      />
    </div>
    <div
      className="tile"
      key="afd9843a-4e53-441d-ac16-79782a9b1bfa"
    >
      <img
        alt=""
        className="tile"
        src="movieurl.com/movieposter/"
      />
    </div>
    <div
      className="tile"
      key="8f097b1a-e9e0-469d-a253-7d2508391cd3"
    >
      <img
        alt=""
        className="tile"
        src="movieurl.com/movieposter/"
      />
    </div>
    <div
      className="tile"
      key="7f2f5546-2b6e-4ce6-adf6-a3e3a5b49520"
    >
      <img
        alt=""
        className="tile"
        src="movieurl.com/movieposter/"
      />
    </div>
    <div
      className="tile"
      key="45eceeed-773d-4616-b792-9090f8afc66d"
    >
      <img
        alt=""
        className="tile"
        src="movieurl.com/movieposter/"
      />
    </div>
    <div
      className="tile"
      key="6c5f6efa-99b3-4f0a-be3c-6e03dfb438af"
    >
      <img
        alt=""
        className="tile"
        src="movieurl.com/movieposter/"
      />
    </div>
    <div
      className="tile"
      key="e2ffc805-d0f8-438c-994f-a9e2f3ad8bb9"
    >
      <img
        alt=""
        className="tile"
        src="movieurl.com/movieposter/"
      />
    </div>
    <div
      className="tile"
      key="f93b7bff-a61a-49d1-a498-694cead67d3a"
    >
      <img
        alt=""
        className="tile"
        src="movieurl.com/movieposter/"
      />
    </div>
    <div
      className="tile"
      key="f82f3500-86d8-431e-bb9d-8473cba91cb4"
    >
      <img
        alt=""
        className="tile"
        src="movieurl.com/movieposter/"
      />
    </div>
    <div
      className="tile"
      key="3b7e3a5a-c78a-4a45-8f55-b5f856e2ea4d"
    >
      <img
        alt=""
        className="tile"
        src="movieurl.com/movieposter/"
      />
    </div>
    <div
      className="tile"
      key="030ad85c-dafe-4648-911c-d1b0c1467a49"
    >
      <img
        alt=""
        className="tile"
        src="movieurl.com/movieposter/"
      />
    </div>
    <div
      className="tile"
      key="6aa804ed-1afd-4777-89a4-015b77afe025"
    >
      <img
        alt=""
        className="tile"
        src="movieurl.com/movieposter/"
      />
    </div>
    <div
      className="tile"
      key="5bab621e-4689-4061-909d-695c9d4f88f7"
    >
      <img
        alt=""
        className="tile"
        src="movieurl.com/movieposter/"
      />
    </div>
    <div
      className="tile"
      key="7b369a1c-71a6-4955-a71d-36c4bfad67f2"
    >
      <img
        alt=""
        className="tile"
        src="movieurl.com/movieposter/"
      />
    </div>
    <div
      className="tile"
      key="82397244-9178-46cb-81c4-ff2f9e35b602"
    >
      <img
        alt=""
        className="tile"
        src="movieurl.com/movieposter/"
      />
    </div>
    <div
      className="tile"
      key="a1b02188-1573-4217-aedd-263230841e92"
    >
      <img
        alt=""
        className="tile"
        src="movieurl.com/movieposter/"
      />
    </div>
    <div
      className="tile"
      key="729bf31c-6ea1-4442-9afa-91fd5b76ff59"
    >
      <img
        alt=""
        className="tile"
        src="movieurl.com/movieposter/"
      />
    </div>
    <div
      className="tile"
      key="089d645a-30b4-4bbb-8ab0-7501a9d84b89"
    >
      <img
        alt=""
        className="tile"
        src="movieurl.com/movieposter/"
      />
    </div>
    <div
      className="tile"
      key="5c3132d4-90bf-44f7-a500-a23044ea3287"
    >
      <img
        alt=""
        className="tile"
        src="movieurl.com/movieposter/"
      />
    </div>
    <div
      className="tile"
      key="371833cf-6ae3-4d1b-bec9-b1ed75d4b147"
    >
      <img
        alt=""
        className="tile"
        src="movieurl.com/movieposter/"
      />
    </div>
    <div
      className="tile"
      key="657090d8-b80f-4dd6-b55e-d6248864bfbc"
    >
      <img
        alt=""
        className="tile"
        src="movieurl.com/movieposter/"
      />
    </div>
    <div
      className="tile"
      key="5d6ad4e0-155a-4ff3-877e-03edef6261e5"
    >
      <img
        alt=""
        className="tile"
        src="movieurl.com/movieposter/"
      />
    </div>
    <div
      className="tile"
      key="e9ff9625-596d-43ab-8a17-8b9bf79e424a"
    >
      <img
        alt=""
        className="tile"
        src="movieurl.com/movieposter/"
      />
    </div>
    <div
      className="tile"
      key="82d98e56-33e7-4740-8c77-6b3864e9c512"
    >
      <img
        alt=""
        className="tile"
        src="movieurl.com/movieposter/"
      />
    </div>
    <div
      className="tile"
      key="5a8366a9-887c-4cea-9c38-8e08ced11093"
    >
      <img
        alt=""
        className="tile"
        src="movieurl.com/movieposter/"
      />
    </div>
    <div
      className="tile"
      key="ece94d5f-c344-4461-a082-4d59b94c58bd"
    >
      <img
        alt=""
        className="tile"
        src="movieurl.com/movieposter/"
      />
    </div>
    <div
      className="tile"
      key="fc6e54a4-469b-45f6-a58e-4c97b2db8f06"
    >
      <img
        alt=""
        className="tile"
        src="movieurl.com/movieposter/"
      />
    </div>
    <div
      className="tile"
      key="caf6c1a1-62a0-4397-8b75-d7ffbaf7901c"
    >
      <img
        alt=""
        className="tile"
        src="movieurl.com/movieposter/"
      />
    </div>
    <div
      className="tile"
      key="4c28167b-761e-4466-bee1-1cd64442bd32"
    >
      <img
        alt=""
        className="tile"
        src="movieurl.com/movieposter/"
      />
    </div>
    <div
      className="tile"
      key="17a79bc0-153e-44d0-972f-7625da20a50e"
    >
      <img
        alt=""
        className="tile"
        src="movieurl.com/movieposter/"
      />
    </div>
    <div
      className="tile"
      key="6c19596f-52a4-45d6-8a64-595978962649"
    >
      <img
        alt=""
        className="tile"
        src="movieurl.com/movieposter/"
      />
    </div>
    <div
      className="tile"
      key="6b56999b-4a8d-471e-8bf4-696928e21b6a"
    >
      <img
        alt=""
        className="tile"
        src="movieurl.com/movieposter/"
      />
    </div>
    <div
      className="tile"
      key="c3250570-afe6-4541-aa6d-7f8a1d3594d6"
    >
      <img
        alt=""
        className="tile"
        src="movieurl.com/movieposter/"
      />
    </div>
    <div
      className="tile"
      key="209a4eeb-c081-4c3e-90fd-7c390a4a0a14"
    >
      <img
        alt=""
        className="tile"
        src="movieurl.com/movieposter/"
      />
    </div>
    <div
      className="tile"
      key="8ed860a4-fbe8-4848-882d-8980a66c796e"
    >
      <img
        alt=""
        className="tile"
        src="movieurl.com/movieposter/"
      />
    </div>
    <div
      className="tile"
      key="704d2ba2-19fa-4260-b7b3-0c8ab467d657"
    >
      <img
        alt=""
        className="tile"
        src="movieurl.com/movieposter/"
      />
    </div>
    <div
      className="tile"
      key="c0a01645-43ac-42db-a626-5cc7be585700"
    >
      <img
        alt=""
        className="tile"
        src="movieurl.com/movieposter/"
      />
    </div>
    <div
      className="tile"
      key="410fbca8-a7f4-4362-a014-71cbe510e56c"
    >
      <img
        alt=""
        className="tile"
        src="movieurl.com/movieposter/"
      />
    </div>
    <div
      className="tile"
      key="f6496895-58f9-497c-ad6e-1f87897016a8"
    >
      <img
        alt=""
        className="tile"
        src="movieurl.com/movieposter/"
      />
    </div>
    <div
      className="tile"
      key="51c33cfe-07f9-4711-ace8-1ea17cd478f5"
    >
      <img
        alt=""
        className="tile"
        src="movieurl.com/movieposter/"
      />
    </div>
    <div
      className="tile"
      key="174f725f-081d-4df8-9f30-fbe626884bfc"
    >
      <img
        alt=""
        className="tile"
        src="movieurl.com/movieposter/"
      />
    </div>
    <div
      className="tile"
      key="dffad207-59e6-4d36-afa2-7900b3cc8922"
    >
      <img
        alt=""
        className="tile"
        src="movieurl.com/movieposter/"
      />
    </div>
    <div
      className="tile"
      key="975fe25d-55c1-43f2-9fc0-81b9d57d4676"
    >
      <img
        alt=""
        className="tile"
        src="movieurl.com/movieposter/"
      />
    </div>
    <div
      className="tile"
      key="316f5934-7765-4e33-a83f-f7aabdda2f75"
    >
      <img
        alt=""
        className="tile"
        src="movieurl.com/movieposter/"
      />
    </div>
    <div
      className="tile"
      key="bce96767-5801-4fd6-9f77-f209e36d4ccb"
    >
      <img
        alt=""
        className="tile"
        src="movieurl.com/movieposter/"
      />
    </div>
    <div
      className="tile"
      key="cdf26f20-9109-40f9-b62e-9f6f418009ef"
    >
      <img
        alt=""
        className="tile"
        src="movieurl.com/movieposter/"
      />
    </div>
    <div
      className="tile"
      key="4272ba22-8a85-4b4d-8ca7-6a3602c032c7"
    >
      <img
        alt=""
        className="tile"
        src="movieurl.com/movieposter/"
      />
    </div>
    <div
      className="tile"
      key="849a337f-d5bd-43de-b9a9-b757b3eb68be"
    >
      <img
        alt=""
        className="tile"
        src="movieurl.com/movieposter/"
      />
    </div>
    <div
      className="tile"
      key="0d27b735-fd45-4e9a-b17d-87ee283cba5e"
    >
      <img
        alt=""
        className="tile"
        src="movieurl.com/movieposter/"
      />
    </div>
    <div
      className="tile"
      key="74856e6d-b586-4c71-9a8b-255952233666"
    >
      <img
        alt=""
        className="tile"
        src="movieurl.com/movieposter/"
      />
    </div>
    <div
      className="tile"
      key="df338212-40e2-46d4-9577-8ab923198fb3"
    >
      <img
        alt=""
        className="tile"
        src="movieurl.com/movieposter/"
      />
    </div>
    <div
      className="tile"
      key="4d05a4c0-c78c-4c7d-923c-7e87b94a23ca"
    >
      <img
        alt=""
        className="tile"
        src="movieurl.com/movieposter/"
      />
    </div>
    <div
      className="tile"
      key="23da91c3-6622-4ab7-ad0a-c3c77075df0b"
    >
      <img
        alt=""
        className="tile"
        src="movieurl.com/movieposter/"
      />
    </div>
    <div
      className="tile"
      key="31ce3cca-3d14-443c-aef3-96e28daaba25"
    >
      <img
        alt=""
        className="tile"
        src="movieurl.com/movieposter/"
      />
    </div>
    <div
      className="tile"
      key="3a730dea-0f39-42e5-861e-a01a0a9204ed"
    >
      <img
        alt=""
        className="tile"
        src="movieurl.com/movieposter/"
      />
    </div>
    <div
      className="tile"
      key="a782e9ad-d45b-45ce-b622-167d3986ed5e"
    >
      <img
        alt=""
        className="tile"
        src="movieurl.com/movieposter/"
      />
    </div>
    <div
      className="tile"
      key="e9735ad6-1530-4eeb-9e80-08c31be7ccef"
    >
      <img
        alt=""
        className="tile"
        src="movieurl.com/movieposter/"
      />
    </div>
    <div
      className="tile"
      key="cab09dac-5388-49f7-857c-f612780ccc5a"
    >
      <img
        alt=""
        className="tile"
        src="movieurl.com/movieposter/"
      />
    </div>
    <div
      className="tile"
      key="04ba681e-792f-49e8-9761-f3207c33684f"
    >
      <img
        alt=""
        className="tile"
        src="movieurl.com/movieposter/"
      />
    </div>
    <div
      className="tile"
      key="6c1462f6-c0a6-48e6-bd36-3ee523c664e8"
    >
      <img
        alt=""
        className="tile"
        src="movieurl.com/movieposter/"
      />
    </div>
    <div
      className="tile"
      key="803b5576-db49-4406-ab9a-ac2c3941981a"
    >
      <img
        alt=""
        className="tile"
        src="movieurl.com/movieposter/"
      />
    </div>
    <div
      className="tile"
      key="131aa1f4-6af2-4997-b777-b51b46e4ecc8"
    >
      <img
        alt=""
        className="tile"
        src="movieurl.com/movieposter/"
      />
    </div>
    <div
      className="tile"
      key="53d3a668-86a5-4ebe-9293-250fcfccc20f"
    >
      <img
        alt=""
        className="tile"
        src="movieurl.com/movieposter/"
      />
    </div>
    <div
      className="tile"
      key="aff51333-a621-4426-93e2-e60c13fc5664"
    >
      <img
        alt=""
        className="tile"
        src="movieurl.com/movieposter/"
      />
    </div>
    <div
      className="tile"
      key="b720bb52-c06b-4a0b-aa2f-27e5f2eb102b"
    >
      <img
        alt=""
        className="tile"
        src="movieurl.com/movieposter/"
      />
    </div>
    <div
      className="tile"
      key="16dc4d5e-2977-4887-9371-061bae7511a1"
    >
      <img
        alt=""
        className="tile"
        src="movieurl.com/movieposter/"
      />
    </div>
    <div
      className="tile"
      key="59183770-fa57-496b-89a6-290e9a32dab0"
    >
      <img
        alt=""
        className="tile"
        src="movieurl.com/movieposter/"
      />
    </div>
    <div
      className="tile"
      key="20307ba4-e672-4ae8-a57e-284e2f220293"
    >
      <img
        alt=""
        className="tile"
        src="movieurl.com/movieposter/"
      />
    </div>
    <div
      className="tile"
      key="9d0b7c34-9e81-4ed7-b52f-ce4193bec81e"
    >
      <img
        alt=""
        className="tile"
        src="movieurl.com/movieposter/"
      />
    </div>
    <div
      className="tile"
      key="13547d3e-3104-4e22-bd03-7edcb9e90a52"
    >
      <img
        alt=""
        className="tile"
        src="movieurl.com/movieposter/"
      />
    </div>
    <div
      className="tile"
      key="b6f8b7ac-0447-4c6d-8c7f-28154d12c851"
    >
      <img
        alt=""
        className="tile"
        src="movieurl.com/movieposter/"
      />
    </div>
    <div
      className="tile"
      key="7a843d60-561d-40b5-9b17-d4f7ef1c0b66"
    >
      <img
        alt=""
        className="tile"
        src="movieurl.com/movieposter/"
      />
    </div>
    <div
      className="tile"
      key="dfe89c22-d0eb-4f19-b1e5-94646330dc8f"
    >
      <img
        alt=""
        className="tile"
        src="movieurl.com/movieposter/"
      />
    </div>
    <div
      className="tile"
      key="6a262d7b-5d69-4392-b52b-05bf6871355e"
    >
      <img
        alt=""
        className="tile"
        src="movieurl.com/movieposter/"
      />
    </div>
    <div
      className="tile"
      key="2fa42531-d9a6-4b88-9ff3-1848bc982ad3"
    >
      <img
        alt=""
        className="tile"
        src="movieurl.com/movieposter/"
      />
    </div>
    <div
      className="tile"
      key="21fed177-7a77-441b-8ed9-60275bc08b2d"
    >
      <img
        alt=""
        className="tile"
        src="movieurl.com/movieposter/"
      />
    </div>
    <div
      className="tile"
      key="97a1d5a3-8c60-4269-a42b-62eabf566112"
    >
      <img
        alt=""
        className="tile"
        src="movieurl.com/movieposter/"
      />
    </div>
    <div
      className="tile"
      key="057ee7db-a5e9-4fa8-99c0-8452d82e85ef"
    >
      <img
        alt=""
        className="tile"
        src="movieurl.com/movieposter/"
      />
    </div>
  </div>
</section>
`;
