// Jest Snapshot v1, https://goo.gl/fbAQLP

exports[`Banner Should match snapshot with posters urls passed in 1`] = `
<section
  className="banner-section"
>
  <h1
    className="banner-heading"
  >
    MovieTracker
  </h1>
  <div
    className="movie-tiles"
  >
    <div
      className="tile"
      key="4354d1a7-33fc-4603-b000-da78b182f04d"
    >
      <img
        alt=""
        className="tile"
        src="movieurl.com/movieposter/"
      />
    </div>
    <div
      className="tile"
      key="4088d4af-a337-49f2-9cc9-58fc7ae7c7f5"
    >
      <img
        alt=""
        className="tile"
        src="movieurl.com/movieposter/"
      />
    </div>
    <div
      className="tile"
      key="de723341-13f3-4a30-8b61-e6f449aa42cc"
    >
      <img
        alt=""
        className="tile"
        src="movieurl.com/movieposter/"
      />
    </div>
    <div
      className="tile"
      key="43fd6420-d6ff-4b9b-a5e4-0d75bdd4f2bb"
    >
      <img
        alt=""
        className="tile"
        src="movieurl.com/movieposter/"
      />
    </div>
    <div
      className="tile"
      key="c1797a8e-d274-4564-baa5-51ccfa85cc77"
    >
      <img
        alt=""
        className="tile"
        src="movieurl.com/movieposter/"
      />
    </div>
    <div
      className="tile"
      key="cd983204-285f-4894-9867-5ee5e82e0ef3"
    >
      <img
        alt=""
        className="tile"
        src="movieurl.com/movieposter/"
      />
    </div>
    <div
      className="tile"
      key="d188b000-7ce5-4d69-af44-e9fe0c38a287"
    >
      <img
        alt=""
        className="tile"
        src="movieurl.com/movieposter/"
      />
    </div>
    <div
      className="tile"
      key="dff560cf-64a4-4e4a-9b28-f60842c943d9"
    >
      <img
        alt=""
        className="tile"
        src="movieurl.com/movieposter/"
      />
    </div>
    <div
      className="tile"
      key="1e7a13f6-3f42-4859-b698-7ad74ff28aa0"
    >
      <img
        alt=""
        className="tile"
        src="movieurl.com/movieposter/"
      />
    </div>
    <div
      className="tile"
      key="e1878b78-e08e-484f-90ea-198155086b12"
    >
      <img
        alt=""
        className="tile"
        src="movieurl.com/movieposter/"
      />
    </div>
    <div
      className="tile"
      key="af81de4b-0dc0-4a9f-87d7-e0bf634aa4b9"
    >
      <img
        alt=""
        className="tile"
        src="movieurl.com/movieposter/"
      />
    </div>
    <div
      className="tile"
      key="cba763f8-cc38-4781-be67-9c6f58175724"
    >
      <img
        alt=""
        className="tile"
        src="movieurl.com/movieposter/"
      />
    </div>
    <div
      className="tile"
      key="97cc119b-e973-4651-81f3-129f0da5cac4"
    >
      <img
        alt=""
        className="tile"
        src="movieurl.com/movieposter/"
      />
    </div>
    <div
      className="tile"
      key="a88b9862-ac5c-4e67-b5ff-158320c44c6c"
    >
      <img
        alt=""
        className="tile"
        src="movieurl.com/movieposter/"
      />
    </div>
    <div
      className="tile"
      key="9d6c5dfe-9df4-45f2-95b4-a5f4e1b164e4"
    >
      <img
        alt=""
        className="tile"
        src="movieurl.com/movieposter/"
      />
    </div>
    <div
      className="tile"
      key="f830ad2a-e9c2-4f6c-ad46-fb8d5f7f4506"
    >
      <img
        alt=""
        className="tile"
        src="movieurl.com/movieposter/"
      />
    </div>
    <div
      className="tile"
      key="4d5a9ec5-f2fd-4a07-8772-77fff7d5def6"
    >
      <img
        alt=""
        className="tile"
        src="movieurl.com/movieposter/"
      />
    </div>
    <div
      className="tile"
      key="958a05a7-db13-46c7-ad98-9f46f889b4ed"
    >
      <img
        alt=""
        className="tile"
        src="movieurl.com/movieposter/"
      />
    </div>
    <div
      className="tile"
      key="a94feac2-4c73-4b4d-b335-40123ea559cc"
    >
      <img
        alt=""
        className="tile"
        src="movieurl.com/movieposter/"
      />
    </div>
    <div
      className="tile"
      key="125c98d9-e2f9-4edf-bca3-d1d5aa3693e3"
    >
      <img
        alt=""
        className="tile"
        src="movieurl.com/movieposter/"
      />
    </div>
    <div
      className="tile"
      key="458b939b-4dec-4b76-94d5-5044fee72e57"
    >
      <img
        alt=""
        className="tile"
        src="movieurl.com/movieposter/"
      />
    </div>
    <div
      className="tile"
      key="de1bf46c-a6a4-43bf-9999-3e9d4702b504"
    >
      <img
        alt=""
        className="tile"
        src="movieurl.com/movieposter/"
      />
    </div>
    <div
      className="tile"
      key="3b8f9cb9-4e56-4b4a-990e-b7258b88e5cf"
    >
      <img
        alt=""
        className="tile"
        src="movieurl.com/movieposter/"
      />
    </div>
    <div
      className="tile"
      key="15ebca01-ee3d-4080-a490-29105b21c628"
    >
      <img
        alt=""
        className="tile"
        src="movieurl.com/movieposter/"
      />
    </div>
    <div
      className="tile"
      key="4a3d0a94-cc52-4496-8926-449e2e6f6d34"
    >
      <img
        alt=""
        className="tile"
        src="movieurl.com/movieposter/"
      />
    </div>
    <div
      className="tile"
      key="7491fc30-d7d4-4571-ab6f-d79ef2185859"
    >
      <img
        alt=""
        className="tile"
        src="movieurl.com/movieposter/"
      />
    </div>
    <div
      className="tile"
      key="e27236cb-7abb-4ef9-8906-dfd657e39f14"
    >
      <img
        alt=""
        className="tile"
        src="movieurl.com/movieposter/"
      />
    </div>
    <div
      className="tile"
      key="8d401a58-5503-48da-b87c-b680ccea6075"
    >
      <img
        alt=""
        className="tile"
        src="movieurl.com/movieposter/"
      />
    </div>
    <div
      className="tile"
      key="c80a359f-822c-470a-be7e-6d83c663e8c1"
    >
      <img
        alt=""
        className="tile"
        src="movieurl.com/movieposter/"
      />
    </div>
    <div
      className="tile"
      key="37790c8a-0354-45d2-8a7b-f2bebb967c38"
    >
      <img
        alt=""
        className="tile"
        src="movieurl.com/movieposter/"
      />
    </div>
    <div
      className="tile"
      key="23ec2255-ac3b-456e-9368-eb4060e7449c"
    >
      <img
        alt=""
        className="tile"
        src="movieurl.com/movieposter/"
      />
    </div>
    <div
      className="tile"
      key="8e4815f9-aa88-46d0-92da-d0cee3c2dcd1"
    >
      <img
        alt=""
        className="tile"
        src="movieurl.com/movieposter/"
      />
    </div>
    <div
      className="tile"
      key="e9d0b1cd-1979-4687-b8f2-66f5be11ef74"
    >
      <img
        alt=""
        className="tile"
        src="movieurl.com/movieposter/"
      />
    </div>
    <div
      className="tile"
      key="58c345f4-00f5-4e20-9d51-bd8f7827db28"
    >
      <img
        alt=""
        className="tile"
        src="movieurl.com/movieposter/"
      />
    </div>
    <div
      className="tile"
      key="82003e95-3c70-45d5-a2fc-6643248f688a"
    >
      <img
        alt=""
        className="tile"
        src="movieurl.com/movieposter/"
      />
    </div>
    <div
      className="tile"
      key="f2467c77-7756-4a13-9671-aba0b2c98cdb"
    >
      <img
        alt=""
        className="tile"
        src="movieurl.com/movieposter/"
      />
    </div>
    <div
      className="tile"
      key="5d4e3057-574f-4c0f-8c88-b7e7e84be030"
    >
      <img
        alt=""
        className="tile"
        src="movieurl.com/movieposter/"
      />
    </div>
    <div
      className="tile"
      key="952aadb6-95ff-445d-968e-01829d5fda0f"
    >
      <img
        alt=""
        className="tile"
        src="movieurl.com/movieposter/"
      />
    </div>
    <div
      className="tile"
      key="bb974d04-f954-40d4-a954-6a088c7ce83d"
    >
      <img
        alt=""
        className="tile"
        src="movieurl.com/movieposter/"
      />
    </div>
    <div
      className="tile"
      key="102f6040-d66c-4620-b24e-bd85d4494035"
    >
      <img
        alt=""
        className="tile"
        src="movieurl.com/movieposter/"
      />
    </div>
    <div
      className="tile"
      key="9fbb4cb4-2d4d-4c9e-8b6a-7696901e51af"
    >
      <img
        alt=""
        className="tile"
        src="movieurl.com/movieposter/"
      />
    </div>
    <div
      className="tile"
      key="3b228195-40dc-4bf1-a0a6-138aad337699"
    >
      <img
        alt=""
        className="tile"
        src="movieurl.com/movieposter/"
      />
    </div>
    <div
      className="tile"
      key="5b8e7836-8d44-40bf-a04c-648c9c9ea5dd"
    >
      <img
        alt=""
        className="tile"
        src="movieurl.com/movieposter/"
      />
    </div>
    <div
      className="tile"
      key="de07a998-59fb-41eb-b39e-157d7eb1bcdd"
    >
      <img
        alt=""
        className="tile"
        src="movieurl.com/movieposter/"
      />
    </div>
    <div
      className="tile"
      key="f4258492-4209-4f6e-9b10-2da6b00b0287"
    >
      <img
        alt=""
        className="tile"
        src="movieurl.com/movieposter/"
      />
    </div>
    <div
      className="tile"
      key="c627896b-29d6-4c3e-babd-04ecce80d889"
    >
      <img
        alt=""
        className="tile"
        src="movieurl.com/movieposter/"
      />
    </div>
    <div
      className="tile"
      key="859a1dc5-7a18-4f6e-9328-c0827bb7512e"
    >
      <img
        alt=""
        className="tile"
        src="movieurl.com/movieposter/"
      />
    </div>
    <div
      className="tile"
      key="4f31a6db-4b23-4025-96bd-ea1df7ba4057"
    >
      <img
        alt=""
        className="tile"
        src="movieurl.com/movieposter/"
      />
    </div>
    <div
      className="tile"
      key="9cff1fa4-b3ad-419f-a9db-151d624dff70"
    >
      <img
        alt=""
        className="tile"
        src="movieurl.com/movieposter/"
      />
    </div>
    <div
      className="tile"
      key="dd2fdb6a-0952-4178-9f33-734e4c46f9f6"
    >
      <img
        alt=""
        className="tile"
        src="movieurl.com/movieposter/"
      />
    </div>
    <div
      className="tile"
      key="8bc63bd2-a011-4108-9c67-0932fa173c26"
    >
      <img
        alt=""
        className="tile"
        src="movieurl.com/movieposter/"
      />
    </div>
    <div
      className="tile"
      key="f50a2068-4d56-4a3e-b314-2a90b1030fbf"
    >
      <img
        alt=""
        className="tile"
        src="movieurl.com/movieposter/"
      />
    </div>
    <div
      className="tile"
      key="85fedcef-46de-4b25-9a9c-eb39c55cdc23"
    >
      <img
        alt=""
        className="tile"
        src="movieurl.com/movieposter/"
      />
    </div>
    <div
      className="tile"
      key="d2eada00-8e4a-4def-b6b1-d32cdfef3205"
    >
      <img
        alt=""
        className="tile"
        src="movieurl.com/movieposter/"
      />
    </div>
    <div
      className="tile"
      key="072bcbfe-8dea-4eb4-8570-1017104dd2c2"
    >
      <img
        alt=""
        className="tile"
        src="movieurl.com/movieposter/"
      />
    </div>
    <div
      className="tile"
      key="f13985d1-64c8-4469-9545-e7c74308d387"
    >
      <img
        alt=""
        className="tile"
        src="movieurl.com/movieposter/"
      />
    </div>
    <div
      className="tile"
      key="4d055940-dac5-4187-b19b-975918160cd0"
    >
      <img
        alt=""
        className="tile"
        src="movieurl.com/movieposter/"
      />
    </div>
    <div
      className="tile"
      key="64074eb9-ce10-4c40-abd0-a7f7cd1d0a68"
    >
      <img
        alt=""
        className="tile"
        src="movieurl.com/movieposter/"
      />
    </div>
    <div
      className="tile"
      key="d3bdc203-a011-40d9-89fc-4654f042d824"
    >
      <img
        alt=""
        className="tile"
        src="movieurl.com/movieposter/"
      />
    </div>
    <div
      className="tile"
      key="e32533f4-88d5-4533-b162-7d1af78ab9c6"
    >
      <img
        alt=""
        className="tile"
        src="movieurl.com/movieposter/"
      />
    </div>
    <div
      className="tile"
      key="bc19e4c8-4af8-484e-afc9-55ff9f8254cf"
    >
      <img
        alt=""
        className="tile"
        src="movieurl.com/movieposter/"
      />
    </div>
    <div
      className="tile"
      key="20056b27-bd34-4629-a00e-4d37942484cc"
    >
      <img
        alt=""
        className="tile"
        src="movieurl.com/movieposter/"
      />
    </div>
    <div
      className="tile"
      key="d4975b22-6d13-443b-8b39-5259b16ab6f4"
    >
      <img
        alt=""
        className="tile"
        src="movieurl.com/movieposter/"
      />
    </div>
    <div
      className="tile"
      key="5fa163a5-db10-4c72-8d91-c735efe38913"
    >
      <img
        alt=""
        className="tile"
        src="movieurl.com/movieposter/"
      />
    </div>
    <div
      className="tile"
      key="eb14fcc3-19e6-49eb-aa5e-6d887ca63383"
    >
      <img
        alt=""
        className="tile"
        src="movieurl.com/movieposter/"
      />
    </div>
    <div
      className="tile"
      key="26a4b58b-bc6d-4ad3-89f8-cb6b703f2dcf"
    >
      <img
        alt=""
        className="tile"
        src="movieurl.com/movieposter/"
      />
    </div>
    <div
      className="tile"
      key="dfe9aefd-5479-4cff-8ee2-9ed3c41e2818"
    >
      <img
        alt=""
        className="tile"
        src="movieurl.com/movieposter/"
      />
    </div>
    <div
      className="tile"
      key="bc019a4a-dcff-46dc-93b5-4b909a9592e4"
    >
      <img
        alt=""
        className="tile"
        src="movieurl.com/movieposter/"
      />
    </div>
    <div
      className="tile"
      key="5e8ec306-e227-416c-ac85-b63c0a98986d"
    >
      <img
        alt=""
        className="tile"
        src="movieurl.com/movieposter/"
      />
    </div>
    <div
      className="tile"
      key="31809950-c26a-414a-bd5a-e1ecf3388b4e"
    >
      <img
        alt=""
        className="tile"
        src="movieurl.com/movieposter/"
      />
    </div>
    <div
      className="tile"
      key="aa81b5a3-6e6d-4275-9e02-0587a7250f0f"
    >
      <img
        alt=""
        className="tile"
        src="movieurl.com/movieposter/"
      />
    </div>
    <div
      className="tile"
      key="3ebc5c1a-2ca9-49a8-97b2-5d3c3df3c779"
    >
      <img
        alt=""
        className="tile"
        src="movieurl.com/movieposter/"
      />
    </div>
    <div
      className="tile"
      key="75f149e6-2efc-45da-8836-f39ed5de78f2"
    >
      <img
        alt=""
        className="tile"
        src="movieurl.com/movieposter/"
      />
    </div>
    <div
      className="tile"
      key="d8d53fb3-8582-4791-a51d-c8c06b912c90"
    >
      <img
        alt=""
        className="tile"
        src="movieurl.com/movieposter/"
      />
    </div>
    <div
      className="tile"
      key="97656e85-02c1-4c75-8165-cff30c63c4c3"
    >
      <img
        alt=""
        className="tile"
        src="movieurl.com/movieposter/"
      />
    </div>
    <div
      className="tile"
      key="87721c7b-87db-4c24-bb28-8b26516d89da"
    >
      <img
        alt=""
        className="tile"
        src="movieurl.com/movieposter/"
      />
    </div>
    <div
      className="tile"
      key="62d9ffeb-7553-46b9-80bd-9ff3d18f8c2e"
    >
      <img
        alt=""
        className="tile"
        src="movieurl.com/movieposter/"
      />
    </div>
    <div
      className="tile"
      key="8ba0d7ce-af28-4579-b4f7-d9607a958bd5"
    >
      <img
        alt=""
        className="tile"
        src="movieurl.com/movieposter/"
      />
    </div>
    <div
      className="tile"
      key="70ed40f0-3a9e-4fa1-8549-716dbbe3a8e6"
    >
      <img
        alt=""
        className="tile"
        src="movieurl.com/movieposter/"
      />
    </div>
    <div
      className="tile"
      key="7fdb836a-bb7b-40ff-9792-a26f04216133"
    >
      <img
        alt=""
        className="tile"
        src="movieurl.com/movieposter/"
      />
    </div>
    <div
      className="tile"
      key="174c819f-b5f5-4b63-bee5-bc525688c866"
    >
      <img
        alt=""
        className="tile"
        src="movieurl.com/movieposter/"
      />
    </div>
    <div
      className="tile"
      key="de4afd1f-614f-45a0-824a-5c7db16f4a63"
    >
      <img
        alt=""
        className="tile"
        src="movieurl.com/movieposter/"
      />
    </div>
    <div
      className="tile"
      key="2b0ebb0c-833b-4208-a147-0482ffe276b7"
    >
      <img
        alt=""
        className="tile"
        src="movieurl.com/movieposter/"
      />
    </div>
    <div
      className="tile"
      key="c8476fdc-09d4-45c9-a65a-283ce2aa0107"
    >
      <img
        alt=""
        className="tile"
        src="movieurl.com/movieposter/"
      />
    </div>
    <div
      className="tile"
      key="1964aac6-514b-4500-ab23-64ad767ca82c"
    >
      <img
        alt=""
        className="tile"
        src="movieurl.com/movieposter/"
      />
    </div>
    <div
      className="tile"
      key="5c3fbac6-b65a-490a-a722-e319c0d347b0"
    >
      <img
        alt=""
        className="tile"
        src="movieurl.com/movieposter/"
      />
    </div>
    <div
      className="tile"
      key="5969f35d-12f1-4377-9200-007ce29cd01f"
    >
      <img
        alt=""
        className="tile"
        src="movieurl.com/movieposter/"
      />
    </div>
    <div
      className="tile"
      key="9b3781e1-d58f-45c2-9b64-9ba588076133"
    >
      <img
        alt=""
        className="tile"
        src="movieurl.com/movieposter/"
      />
    </div>
    <div
      className="tile"
      key="9d3f714d-e87b-4783-a5d3-8c4ffa1b7415"
    >
      <img
        alt=""
        className="tile"
        src="movieurl.com/movieposter/"
      />
    </div>
    <div
      className="tile"
      key="ec2b3d85-0432-447f-a11b-2dc4be943913"
    >
      <img
        alt=""
        className="tile"
        src="movieurl.com/movieposter/"
      />
    </div>
    <div
      className="tile"
      key="3276f767-348c-4f8e-9be8-d1db1d3d0782"
    >
      <img
        alt=""
        className="tile"
        src="movieurl.com/movieposter/"
      />
    </div>
    <div
      className="tile"
      key="a1f21b6c-eef7-4735-a142-8cd03258818c"
    >
      <img
        alt=""
        className="tile"
        src="movieurl.com/movieposter/"
      />
    </div>
    <div
      className="tile"
      key="a1379a39-301a-4b52-b8cd-c94c43e8fbd4"
    >
      <img
        alt=""
        className="tile"
        src="movieurl.com/movieposter/"
      />
    </div>
    <div
      className="tile"
      key="2d9e4666-7c2b-41a0-8be6-a10340585a34"
    >
      <img
        alt=""
        className="tile"
        src="movieurl.com/movieposter/"
      />
    </div>
    <div
      className="tile"
      key="360be6ff-da1a-4518-9ba1-4572644d9101"
    >
      <img
        alt=""
        className="tile"
        src="movieurl.com/movieposter/"
      />
    </div>
    <div
      className="tile"
      key="86db397c-c572-4428-ab82-d6903ee7cd24"
    >
      <img
        alt=""
        className="tile"
        src="movieurl.com/movieposter/"
      />
    </div>
    <div
      className="tile"
      key="7172b5ba-b4a5-4904-ae76-dc1979e42236"
    >
      <img
        alt=""
        className="tile"
        src="movieurl.com/movieposter/"
      />
    </div>
    <div
      className="tile"
      key="eb3ccbb2-3b00-43a4-930a-aa7a2fccd3ca"
    >
      <img
        alt=""
        className="tile"
        src="movieurl.com/movieposter/"
      />
    </div>
    <div
      className="tile"
      key="71ef588c-cbc2-44b2-9980-94d3fa884558"
    >
      <img
        alt=""
        className="tile"
        src="movieurl.com/movieposter/"
      />
    </div>
    <div
      className="tile"
      key="e8cc7b25-30be-48f8-aa59-708d75ff52fc"
    >
      <img
        alt=""
        className="tile"
        src="movieurl.com/movieposter/"
      />
    </div>
    <div
      className="tile"
      key="652ed4e9-6ae0-4e7d-9196-825c4850b063"
    >
      <img
        alt=""
        className="tile"
        src="movieurl.com/movieposter/"
      />
    </div>
    <div
      className="tile"
      key="069b18a5-5c99-400f-8d49-ebc16781c6a6"
    >
      <img
        alt=""
        className="tile"
        src="movieurl.com/movieposter/"
      />
    </div>
    <div
      className="tile"
      key="50712f8d-50c7-4997-a427-eb402e25b827"
    >
      <img
        alt=""
        className="tile"
        src="movieurl.com/movieposter/"
      />
    </div>
    <div
      className="tile"
      key="f793b889-3f7d-440a-8648-c87d3e0f4474"
    >
      <img
        alt=""
        className="tile"
        src="movieurl.com/movieposter/"
      />
    </div>
    <div
      className="tile"
      key="72887151-1a0a-467c-983b-2965ee9e5dbc"
    >
      <img
        alt=""
        className="tile"
        src="movieurl.com/movieposter/"
      />
    </div>
    <div
      className="tile"
      key="00e18536-a001-412a-bf3f-9f7ab7392dfb"
    >
      <img
        alt=""
        className="tile"
        src="movieurl.com/movieposter/"
      />
    </div>
    <div
      className="tile"
      key="a6a32a6d-b857-4199-b303-5fbc59dd7276"
    >
      <img
        alt=""
        className="tile"
        src="movieurl.com/movieposter/"
      />
    </div>
    <div
      className="tile"
      key="cd5190da-a49b-46f8-9196-a24d0e040b67"
    >
      <img
        alt=""
        className="tile"
        src="movieurl.com/movieposter/"
      />
    </div>
    <div
      className="tile"
      key="141cca32-dab1-45bd-8878-90816e62c347"
    >
      <img
        alt=""
        className="tile"
        src="movieurl.com/movieposter/"
      />
    </div>
    <div
      className="tile"
      key="898e0b62-047d-4f4c-be6a-3d8782ab7f72"
    >
      <img
        alt=""
        className="tile"
        src="movieurl.com/movieposter/"
      />
    </div>
    <div
      className="tile"
      key="a8283161-c9dd-4f6e-a64e-36e6c5753042"
    >
      <img
        alt=""
        className="tile"
        src="movieurl.com/movieposter/"
      />
    </div>
    <div
      className="tile"
      key="bdede886-b9a9-438e-bec7-b91f3446499b"
    >
      <img
        alt=""
        className="tile"
        src="movieurl.com/movieposter/"
      />
    </div>
    <div
      className="tile"
      key="7a3bbea9-7d3b-47b7-9cf3-1639b151e96d"
    >
      <img
        alt=""
        className="tile"
        src="movieurl.com/movieposter/"
      />
    </div>
    <div
      className="tile"
      key="c115d4d4-9b6e-49f2-845f-12103c3d459f"
    >
      <img
        alt=""
        className="tile"
        src="movieurl.com/movieposter/"
      />
    </div>
    <div
      className="tile"
      key="0ec25f5d-05ee-4503-bea3-6ab218ff2112"
    >
      <img
        alt=""
        className="tile"
        src="movieurl.com/movieposter/"
      />
    </div>
    <div
      className="tile"
      key="227894e1-8942-48fa-904c-247bd8da943e"
    >
      <img
        alt=""
        className="tile"
        src="movieurl.com/movieposter/"
      />
    </div>
    <div
      className="tile"
      key="7e30f1de-0fb3-401e-b19f-e7146961e3c9"
    >
      <img
        alt=""
        className="tile"
        src="movieurl.com/movieposter/"
      />
    </div>
    <div
      className="tile"
      key="134a8ba6-d4d0-4f23-919a-a24bcc24c6f6"
    >
      <img
        alt=""
        className="tile"
        src="movieurl.com/movieposter/"
      />
    </div>
    <div
      className="tile"
      key="f590ddd6-0fe6-4d12-a5f4-b1d70ff83dd9"
    >
      <img
        alt=""
        className="tile"
        src="movieurl.com/movieposter/"
      />
    </div>
    <div
      className="tile"
      key="a532c867-cc8e-4839-80c7-a9587671878e"
    >
      <img
        alt=""
        className="tile"
        src="movieurl.com/movieposter/"
      />
    </div>
    <div
      className="tile"
      key="92c2caee-487e-434c-9c1e-d5c4aa56d728"
    >
      <img
        alt=""
        className="tile"
        src="movieurl.com/movieposter/"
      />
    </div>
    <div
      className="tile"
      key="e878013d-c90c-4ae7-ba00-05d9556da8e4"
    >
      <img
        alt=""
        className="tile"
        src="movieurl.com/movieposter/"
      />
    </div>
    <div
      className="tile"
      key="efc715d4-fe3e-43b4-989c-dccd34fc5041"
    >
      <img
        alt=""
        className="tile"
        src="movieurl.com/movieposter/"
      />
    </div>
    <div
      className="tile"
      key="987ab4f5-0fff-4bd6-8cc5-a12453f7633f"
    >
      <img
        alt=""
        className="tile"
        src="movieurl.com/movieposter/"
      />
    </div>
    <div
      className="tile"
      key="af95ea75-55fd-44b5-8890-f1f60a128585"
    >
      <img
        alt=""
        className="tile"
        src="movieurl.com/movieposter/"
      />
    </div>
    <div
      className="tile"
      key="514300c4-128a-4060-839c-c86b6452afa3"
    >
      <img
        alt=""
        className="tile"
        src="movieurl.com/movieposter/"
      />
    </div>
    <div
      className="tile"
      key="72041c3f-3354-4375-b951-09423ddc854f"
    >
      <img
        alt=""
        className="tile"
        src="movieurl.com/movieposter/"
      />
    </div>
    <div
      className="tile"
      key="e611d751-c157-4368-ade3-eb946978633b"
    >
      <img
        alt=""
        className="tile"
        src="movieurl.com/movieposter/"
      />
    </div>
    <div
      className="tile"
      key="3b64e6a2-f72c-4f2c-b3e4-af3dd5ec7136"
    >
      <img
        alt=""
        className="tile"
        src="movieurl.com/movieposter/"
      />
    </div>
    <div
      className="tile"
      key="a0241810-db21-4797-a3d4-39c35fbafb40"
    >
      <img
        alt=""
        className="tile"
        src="movieurl.com/movieposter/"
      />
    </div>
    <div
      className="tile"
      key="24a06e63-32d4-424e-b9c7-798c73e3a2cd"
    >
      <img
        alt=""
        className="tile"
        src="movieurl.com/movieposter/"
      />
    </div>
    <div
      className="tile"
      key="5444de4a-a6e4-4108-b771-79262b93237c"
    >
      <img
        alt=""
        className="tile"
        src="movieurl.com/movieposter/"
      />
    </div>
    <div
      className="tile"
      key="4ec97f58-6a2e-43da-9f0b-5c2b7c5a9152"
    >
      <img
        alt=""
        className="tile"
        src="movieurl.com/movieposter/"
      />
    </div>
    <div
      className="tile"
      key="f219346a-41c5-4256-858b-5845599490d7"
    >
      <img
        alt=""
        className="tile"
        src="movieurl.com/movieposter/"
      />
    </div>
    <div
      className="tile"
      key="20c956ee-fb1d-49e9-8643-adcfb4ab9981"
    >
      <img
        alt=""
        className="tile"
        src="movieurl.com/movieposter/"
      />
    </div>
    <div
      className="tile"
      key="fb1f167d-38be-4350-b4ac-753b026cd94b"
    >
      <img
        alt=""
        className="tile"
        src="movieurl.com/movieposter/"
      />
    </div>
    <div
      className="tile"
      key="b0eb9faa-8c59-4314-9e89-0dcab2f84008"
    >
      <img
        alt=""
        className="tile"
        src="movieurl.com/movieposter/"
      />
    </div>
    <div
      className="tile"
      key="2118a4da-d0f2-48f8-b6df-2341773df2cd"
    >
      <img
        alt=""
        className="tile"
        src="movieurl.com/movieposter/"
      />
    </div>
    <div
      className="tile"
      key="ae786fa0-29f8-4ff1-9806-8a92ad747fd7"
    >
      <img
        alt=""
        className="tile"
        src="movieurl.com/movieposter/"
      />
    </div>
    <div
      className="tile"
      key="796716e3-d946-4f53-b267-caca8a47993a"
    >
      <img
        alt=""
        className="tile"
        src="movieurl.com/movieposter/"
      />
    </div>
    <div
      className="tile"
      key="204a8343-a0dd-4d65-a15f-6e06358cd0a6"
    >
      <img
        alt=""
        className="tile"
        src="movieurl.com/movieposter/"
      />
    </div>
    <div
      className="tile"
      key="d2838906-e989-460b-aaa3-ae6d13709e27"
    >
      <img
        alt=""
        className="tile"
        src="movieurl.com/movieposter/"
      />
    </div>
    <div
      className="tile"
      key="27f81b62-64de-4a9b-b209-10e9c50fd15e"
    >
      <img
        alt=""
        className="tile"
        src="movieurl.com/movieposter/"
      />
    </div>
    <div
      className="tile"
      key="62693aec-ffb6-48df-9ac1-83ee931d5697"
    >
      <img
        alt=""
        className="tile"
        src="movieurl.com/movieposter/"
      />
    </div>
    <div
      className="tile"
      key="ceafee88-2747-44ab-abd0-02b4d33b4b68"
    >
      <img
        alt=""
        className="tile"
        src="movieurl.com/movieposter/"
      />
    </div>
    <div
      className="tile"
      key="c765a636-b2ce-4637-902b-dc640728493a"
    >
      <img
        alt=""
        className="tile"
        src="movieurl.com/movieposter/"
      />
    </div>
    <div
      className="tile"
      key="3fcf088b-bb62-4456-807e-a421b975d301"
    >
      <img
        alt=""
        className="tile"
        src="movieurl.com/movieposter/"
      />
    </div>
    <div
      className="tile"
      key="ed40e07c-eac7-4c75-8d57-a47295fd1985"
    >
      <img
        alt=""
        className="tile"
        src="movieurl.com/movieposter/"
      />
    </div>
    <div
      className="tile"
      key="2e8a72d1-d139-479a-a304-d224258bf84a"
    >
      <img
        alt=""
        className="tile"
        src="movieurl.com/movieposter/"
      />
    </div>
    <div
      className="tile"
      key="2625cef6-042c-4214-9b26-1eadcd935f76"
    >
      <img
        alt=""
        className="tile"
        src="movieurl.com/movieposter/"
      />
    </div>
    <div
      className="tile"
      key="143a8cd7-e11b-4e71-b7e5-67a73ef6c151"
    >
      <img
        alt=""
        className="tile"
        src="movieurl.com/movieposter/"
      />
    </div>
    <div
      className="tile"
      key="44a57987-e3af-42b1-9122-bc0dd56a1a58"
    >
      <img
        alt=""
        className="tile"
        src="movieurl.com/movieposter/"
      />
    </div>
    <div
      className="tile"
      key="d85d2daf-deb9-4ae8-b361-8daf73d3940a"
    >
      <img
        alt=""
        className="tile"
        src="movieurl.com/movieposter/"
      />
    </div>
    <div
      className="tile"
      key="36c1e4b2-96cc-4d9a-ade3-7e0a3ab5b229"
    >
      <img
        alt=""
        className="tile"
        src="movieurl.com/movieposter/"
      />
    </div>
    <div
      className="tile"
      key="751fe1b2-1b7e-44c9-aee1-fc46f3dc38f7"
    >
      <img
        alt=""
        className="tile"
        src="movieurl.com/movieposter/"
      />
    </div>
    <div
      className="tile"
      key="8650015e-3c69-4daf-a65c-65d96417a38e"
    >
      <img
        alt=""
        className="tile"
        src="movieurl.com/movieposter/"
      />
    </div>
    <div
      className="tile"
      key="e3b38ce2-fe86-4538-b861-dee6927330c8"
    >
      <img
        alt=""
        className="tile"
        src="movieurl.com/movieposter/"
      />
    </div>
    <div
      className="tile"
      key="d3e6564d-76ac-4fae-bbb2-4dce9eee8f02"
    >
      <img
        alt=""
        className="tile"
        src="movieurl.com/movieposter/"
      />
    </div>
    <div
      className="tile"
      key="535d00d0-4c71-4997-9ec9-fe5006695c90"
    >
      <img
        alt=""
        className="tile"
        src="movieurl.com/movieposter/"
      />
    </div>
    <div
      className="tile"
      key="288e5c0d-903a-4f03-bff8-d5aae0965c9b"
    >
      <img
        alt=""
        className="tile"
        src="movieurl.com/movieposter/"
      />
    </div>
    <div
      className="tile"
      key="1199853b-eccd-4849-a42f-d3a468215461"
    >
      <img
        alt=""
        className="tile"
        src="movieurl.com/movieposter/"
      />
    </div>
    <div
      className="tile"
      key="1f8a84e7-aefa-46fe-b074-f315d2394fbe"
    >
      <img
        alt=""
        className="tile"
        src="movieurl.com/movieposter/"
      />
    </div>
    <div
      className="tile"
      key="d5705c1e-3829-4ac2-a765-aba31cb7eebb"
    >
      <img
        alt=""
        className="tile"
        src="movieurl.com/movieposter/"
      />
    </div>
    <div
      className="tile"
      key="532cfcfb-c328-4ad6-894d-cf85972774a5"
    >
      <img
        alt=""
        className="tile"
        src="movieurl.com/movieposter/"
      />
    </div>
    <div
      className="tile"
      key="cc3d3545-177c-4364-9ee2-ba4636343f8e"
    >
      <img
        alt=""
        className="tile"
        src="movieurl.com/movieposter/"
      />
    </div>
    <div
      className="tile"
      key="0dfbaee0-d995-46a1-9c21-e0b1963c2405"
    >
      <img
        alt=""
        className="tile"
        src="movieurl.com/movieposter/"
      />
    </div>
    <div
      className="tile"
      key="a4078a5d-d01d-4db6-93a7-81ef78fb1b02"
    >
      <img
        alt=""
        className="tile"
        src="movieurl.com/movieposter/"
      />
    </div>
    <div
      className="tile"
      key="538d4b8a-4576-4b2f-9f5f-92b93ffaae64"
    >
      <img
        alt=""
        className="tile"
        src="movieurl.com/movieposter/"
      />
    </div>
    <div
      className="tile"
      key="90975f00-8288-4281-90ae-e42417590e59"
    >
      <img
        alt=""
        className="tile"
        src="movieurl.com/movieposter/"
      />
    </div>
    <div
      className="tile"
      key="50ab1064-0c93-43d1-b15f-5b3326f47e5b"
    >
      <img
        alt=""
        className="tile"
        src="movieurl.com/movieposter/"
      />
    </div>
    <div
      className="tile"
      key="199b4882-7f96-4c98-a4a2-d3e3752d6a29"
    >
      <img
        alt=""
        className="tile"
        src="movieurl.com/movieposter/"
      />
    </div>
    <div
      className="tile"
      key="d449ec43-6517-4a81-b9ab-d76ca0cbcdff"
    >
      <img
        alt=""
        className="tile"
        src="movieurl.com/movieposter/"
      />
    </div>
    <div
      className="tile"
      key="908756e5-195d-4a0f-b193-afabc1ced5ba"
    >
      <img
        alt=""
        className="tile"
        src="movieurl.com/movieposter/"
      />
    </div>
    <div
      className="tile"
      key="082f7dfb-253f-4736-9f47-6f849af4a709"
    >
      <img
        alt=""
        className="tile"
        src="movieurl.com/movieposter/"
      />
    </div>
    <div
      className="tile"
      key="2d7064c4-e31d-45d8-b4ee-5fa363f2ade6"
    >
      <img
        alt=""
        className="tile"
        src="movieurl.com/movieposter/"
      />
    </div>
    <div
      className="tile"
      key="88cf2ef2-9594-4a3c-8a2b-cce748e5c916"
    >
      <img
        alt=""
        className="tile"
        src="movieurl.com/movieposter/"
      />
    </div>
    <div
      className="tile"
      key="b894da88-75af-4aed-ae7b-f2f37e293405"
    >
      <img
        alt=""
        className="tile"
        src="movieurl.com/movieposter/"
      />
    </div>
    <div
      className="tile"
      key="8375cb4b-304d-470e-9fc7-c081de21e685"
    >
      <img
        alt=""
        className="tile"
        src="movieurl.com/movieposter/"
      />
    </div>
    <div
      className="tile"
      key="d2d99608-ebe9-4224-8caf-03480aa46a61"
    >
      <img
        alt=""
        className="tile"
        src="movieurl.com/movieposter/"
      />
    </div>
    <div
      className="tile"
      key="b03d56a8-9f39-438f-8e6f-05eb77e4516b"
    >
      <img
        alt=""
        className="tile"
        src="movieurl.com/movieposter/"
      />
    </div>
    <div
      className="tile"
      key="18944082-0f2d-4986-80dc-2adc42143ab0"
    >
      <img
        alt=""
        className="tile"
        src="movieurl.com/movieposter/"
      />
    </div>
    <div
      className="tile"
      key="3b19e056-4168-4d2e-9562-2a6a76647b7f"
    >
      <img
        alt=""
        className="tile"
        src="movieurl.com/movieposter/"
      />
    </div>
    <div
      className="tile"
      key="cc53912c-2da6-4de3-a9af-38db16ae10a7"
    >
      <img
        alt=""
        className="tile"
        src="movieurl.com/movieposter/"
      />
    </div>
    <div
      className="tile"
      key="74ac8fab-7b5c-48a4-a4f8-f0dcfaaa2ca9"
    >
      <img
        alt=""
        className="tile"
        src="movieurl.com/movieposter/"
      />
    </div>
    <div
      className="tile"
      key="ce6d621c-b57e-4cd3-85d5-20789291c7e9"
    >
      <img
        alt=""
        className="tile"
        src="movieurl.com/movieposter/"
      />
    </div>
    <div
      className="tile"
      key="97a7e497-ecd1-4e53-97b4-6ea0f57df83f"
    >
      <img
        alt=""
        className="tile"
        src="movieurl.com/movieposter/"
      />
    </div>
    <div
      className="tile"
      key="444212e9-37ee-4581-86f2-5e0949386c3f"
    >
      <img
        alt=""
        className="tile"
        src="movieurl.com/movieposter/"
      />
    </div>
    <div
      className="tile"
      key="93799062-977e-4ffb-8b90-4cff2b2fcb86"
    >
      <img
        alt=""
        className="tile"
        src="movieurl.com/movieposter/"
      />
    </div>
    <div
      className="tile"
      key="03825b7d-0bc0-48ed-bf07-b4f8c5145bf3"
    >
      <img
        alt=""
        className="tile"
        src="movieurl.com/movieposter/"
      />
    </div>
    <div
      className="tile"
      key="2d6f9bc7-0228-450c-860b-29b403833c6b"
    >
      <img
        alt=""
        className="tile"
        src="movieurl.com/movieposter/"
      />
    </div>
    <div
      className="tile"
      key="e531bf76-483f-40b5-a3d7-1e0b610390ed"
    >
      <img
        alt=""
        className="tile"
        src="movieurl.com/movieposter/"
      />
    </div>
    <div
      className="tile"
      key="c35f2530-cf9d-45fc-b899-579b62b542a3"
    >
      <img
        alt=""
        className="tile"
        src="movieurl.com/movieposter/"
      />
    </div>
    <div
      className="tile"
      key="b42aa5c1-54a0-4a84-8bf5-828031b8a313"
    >
      <img
        alt=""
        className="tile"
        src="movieurl.com/movieposter/"
      />
    </div>
    <div
      className="tile"
      key="f9ec3b5b-b964-456a-b10e-a63bdab3f08b"
    >
      <img
        alt=""
        className="tile"
        src="movieurl.com/movieposter/"
      />
    </div>
    <div
      className="tile"
      key="3f7b5321-4f3b-408f-a578-6785d5dcc942"
    >
      <img
        alt=""
        className="tile"
        src="movieurl.com/movieposter/"
      />
    </div>
    <div
      className="tile"
      key="ea974a47-8e0b-46e6-addb-5114b25c5f50"
    >
      <img
        alt=""
        className="tile"
        src="movieurl.com/movieposter/"
      />
    </div>
    <div
      className="tile"
      key="cc7c8e17-6a3d-483a-9ed8-f9e3ee702e46"
    >
      <img
        alt=""
        className="tile"
        src="movieurl.com/movieposter/"
      />
    </div>
    <div
      className="tile"
      key="0bfed384-6d90-472a-89b5-0da2984dee7c"
    >
      <img
        alt=""
        className="tile"
        src="movieurl.com/movieposter/"
      />
    </div>
    <div
      className="tile"
      key="99660eda-f248-46b2-90aa-496e1403cdde"
    >
      <img
        alt=""
        className="tile"
        src="movieurl.com/movieposter/"
      />
    </div>
    <div
      className="tile"
      key="9f8120a6-606e-4905-9e3e-acd3c73eb927"
    >
      <img
        alt=""
        className="tile"
        src="movieurl.com/movieposter/"
      />
    </div>
    <div
      className="tile"
      key="e311946a-b6ea-472b-8115-66236ad7534e"
    >
      <img
        alt=""
        className="tile"
        src="movieurl.com/movieposter/"
      />
    </div>
    <div
      className="tile"
      key="40161656-abef-42f3-931e-e7f51bd92554"
    >
      <img
        alt=""
        className="tile"
        src="movieurl.com/movieposter/"
      />
    </div>
    <div
      className="tile"
      key="5d8738cf-7e98-430c-85e0-fb6323983363"
    >
      <img
        alt=""
        className="tile"
        src="movieurl.com/movieposter/"
      />
    </div>
    <div
      className="tile"
      key="62c00a1d-62df-469b-904c-84c157b1f564"
    >
      <img
        alt=""
        className="tile"
        src="movieurl.com/movieposter/"
      />
    </div>
    <div
      className="tile"
      key="111da540-914a-4ea1-b107-031128cdc658"
    >
      <img
        alt=""
        className="tile"
        src="movieurl.com/movieposter/"
      />
    </div>
    <div
      className="tile"
      key="5e85e5de-3152-4c01-819a-887b2263e65a"
    >
      <img
        alt=""
        className="tile"
        src="movieurl.com/movieposter/"
      />
    </div>
    <div
      className="tile"
      key="32c2dab8-fe3a-4188-9494-5b1ce45136d5"
    >
      <img
        alt=""
        className="tile"
        src="movieurl.com/movieposter/"
      />
    </div>
    <div
      className="tile"
      key="b9f2116f-7564-4b6a-81b4-35ec1b70496a"
    >
      <img
        alt=""
        className="tile"
        src="movieurl.com/movieposter/"
      />
    </div>
    <div
      className="tile"
      key="e9330e7c-3dda-4d5c-a1eb-b484b3978709"
    >
      <img
        alt=""
        className="tile"
        src="movieurl.com/movieposter/"
      />
    </div>
    <div
      className="tile"
      key="3caffa10-75da-43de-85bb-2a522a2b7f92"
    >
      <img
        alt=""
        className="tile"
        src="movieurl.com/movieposter/"
      />
    </div>
    <div
      className="tile"
      key="77d4945c-e907-457f-aef3-1c53cb44b63f"
    >
      <img
        alt=""
        className="tile"
        src="movieurl.com/movieposter/"
      />
    </div>
    <div
      className="tile"
      key="1c1534cd-afaa-4b99-a769-9c6048d7175b"
    >
      <img
        alt=""
        className="tile"
        src="movieurl.com/movieposter/"
      />
    </div>
    <div
      className="tile"
      key="421c242d-502b-4c1b-ae5a-169c586bc19c"
    >
      <img
        alt=""
        className="tile"
        src="movieurl.com/movieposter/"
      />
    </div>
    <div
      className="tile"
      key="6c2a3cdc-59c8-418b-9a1e-616aa5966581"
    >
      <img
        alt=""
        className="tile"
        src="movieurl.com/movieposter/"
      />
    </div>
    <div
      className="tile"
      key="edbbe54c-11c6-4477-8f80-061211e71196"
    >
      <img
        alt=""
        className="tile"
        src="movieurl.com/movieposter/"
      />
    </div>
    <div
      className="tile"
      key="2fece046-94ce-445f-9e3a-4b63359813ea"
    >
      <img
        alt=""
        className="tile"
        src="movieurl.com/movieposter/"
      />
    </div>
    <div
      className="tile"
      key="86ed7ce4-74d1-45d2-a608-14360d2c8013"
    >
      <img
        alt=""
        className="tile"
        src="movieurl.com/movieposter/"
      />
    </div>
    <div
      className="tile"
      key="5b2c0eca-d476-4b92-8536-8d449876a291"
    >
      <img
        alt=""
        className="tile"
        src="movieurl.com/movieposter/"
      />
    </div>
    <div
      className="tile"
      key="13a5c541-84ef-420e-be8a-6ddad6ed3d00"
    >
      <img
        alt=""
        className="tile"
        src="movieurl.com/movieposter/"
      />
    </div>
    <div
      className="tile"
      key="ebfcdcf1-b0f9-49e0-8d72-7a6f1e42f92a"
    >
      <img
        alt=""
        className="tile"
        src="movieurl.com/movieposter/"
      />
    </div>
    <div
      className="tile"
      key="e2a91855-0d3e-4b86-89d0-773c32ba78f7"
    >
      <img
        alt=""
        className="tile"
        src="movieurl.com/movieposter/"
      />
    </div>
    <div
      className="tile"
      key="c876d681-2eab-4653-a350-b9d9748c6b0e"
    >
      <img
        alt=""
        className="tile"
        src="movieurl.com/movieposter/"
      />
    </div>
    <div
      className="tile"
      key="8cd53443-d6d7-42e9-8a31-768e13cc57f7"
    >
      <img
        alt=""
        className="tile"
        src="movieurl.com/movieposter/"
      />
    </div>
    <div
      className="tile"
      key="94624b82-a88b-4dae-8d04-0b71f3998b40"
    >
      <img
        alt=""
        className="tile"
        src="movieurl.com/movieposter/"
      />
    </div>
    <div
      className="tile"
      key="b2370ee7-f470-4293-a824-3c4200e1a807"
    >
      <img
        alt=""
        className="tile"
        src="movieurl.com/movieposter/"
      />
    </div>
    <div
      className="tile"
      key="85373b42-7e61-4b5c-8785-a8477144011c"
    >
      <img
        alt=""
        className="tile"
        src="movieurl.com/movieposter/"
      />
    </div>
    <div
      className="tile"
      key="fa9feffc-490d-4a73-83c7-beb49a23850d"
    >
      <img
        alt=""
        className="tile"
        src="movieurl.com/movieposter/"
      />
    </div>
    <div
      className="tile"
      key="6e22c24a-c57b-4586-8a46-d2256b41cb2d"
    >
      <img
        alt=""
        className="tile"
        src="movieurl.com/movieposter/"
      />
    </div>
    <div
      className="tile"
      key="de726f86-10ba-4d85-8de4-564844596a2f"
    >
      <img
        alt=""
        className="tile"
        src="movieurl.com/movieposter/"
      />
    </div>
    <div
      className="tile"
      key="51dbbc0d-49fc-41e8-a166-9588bf348806"
    >
      <img
        alt=""
        className="tile"
        src="movieurl.com/movieposter/"
      />
    </div>
    <div
      className="tile"
      key="d306829c-dfbf-4c8c-9240-ce78e8cb7421"
    >
      <img
        alt=""
        className="tile"
        src="movieurl.com/movieposter/"
      />
    </div>
    <div
      className="tile"
      key="b857e2c9-6d22-43a2-b98a-a6b3b7dbb831"
    >
      <img
        alt=""
        className="tile"
        src="movieurl.com/movieposter/"
      />
    </div>
    <div
      className="tile"
      key="4d2e8f93-fa2c-4d2f-b2b6-c59d58f9a45c"
    >
      <img
        alt=""
        className="tile"
        src="movieurl.com/movieposter/"
      />
    </div>
    <div
      className="tile"
      key="67713ba3-9687-4a4c-8f4a-43dcafccc26e"
    >
      <img
        alt=""
        className="tile"
        src="movieurl.com/movieposter/"
      />
    </div>
    <div
      className="tile"
      key="ec89b7e4-5e3e-403d-9ae4-ef900a057d5e"
    >
      <img
        alt=""
        className="tile"
        src="movieurl.com/movieposter/"
      />
    </div>
    <div
      className="tile"
      key="19d17519-4b4f-4f17-bc2f-45e86e0fd855"
    >
      <img
        alt=""
        className="tile"
        src="movieurl.com/movieposter/"
      />
    </div>
    <div
      className="tile"
      key="dd942b81-68a2-4a25-ae1d-0bb99b377a83"
    >
      <img
        alt=""
        className="tile"
        src="movieurl.com/movieposter/"
      />
    </div>
    <div
      className="tile"
      key="401b0433-a24e-41c4-a43a-2c4ad78d1cfa"
    >
      <img
        alt=""
        className="tile"
        src="movieurl.com/movieposter/"
      />
    </div>
    <div
      className="tile"
      key="8968c675-b28b-4bee-89bb-cc551eabf24e"
    >
      <img
        alt=""
        className="tile"
        src="movieurl.com/movieposter/"
      />
    </div>
    <div
      className="tile"
      key="ef950131-6f7c-4fac-bdb4-f822f449b840"
    >
      <img
        alt=""
        className="tile"
        src="movieurl.com/movieposter/"
      />
    </div>
    <div
      className="tile"
      key="57f184d1-4d36-4a9e-8d1f-c05be17b1716"
    >
      <img
        alt=""
        className="tile"
        src="movieurl.com/movieposter/"
      />
    </div>
    <div
      className="tile"
      key="4e4e9773-d082-4f71-8a42-7bdd74c615ef"
    >
      <img
        alt=""
        className="tile"
        src="movieurl.com/movieposter/"
      />
    </div>
    <div
      className="tile"
      key="0168a38d-8603-472a-a23d-14b2813e72ee"
    >
      <img
        alt=""
        className="tile"
        src="movieurl.com/movieposter/"
      />
    </div>
    <div
      className="tile"
      key="e2fd5801-235d-457b-9885-2a7a31d86d25"
    >
      <img
        alt=""
        className="tile"
        src="movieurl.com/movieposter/"
      />
    </div>
    <div
      className="tile"
      key="ca7856c0-bf4f-41a7-9e12-ef39486d8351"
    >
      <img
        alt=""
        className="tile"
        src="movieurl.com/movieposter/"
      />
    </div>
    <div
      className="tile"
      key="a2b52403-eb57-4b91-8cda-9e2c9f1385e2"
    >
      <img
        alt=""
        className="tile"
        src="movieurl.com/movieposter/"
      />
    </div>
    <div
      className="tile"
      key="895fcb12-e59e-435c-bc64-3f366864241c"
    >
      <img
        alt=""
        className="tile"
        src="movieurl.com/movieposter/"
      />
    </div>
    <div
      className="tile"
      key="ef9c26ca-9621-4ec0-9f9d-c8018fd2b9dc"
    >
      <img
        alt=""
        className="tile"
        src="movieurl.com/movieposter/"
      />
    </div>
    <div
      className="tile"
      key="16c1fb79-12ab-49e0-af4e-a5e429c80d5f"
    >
      <img
        alt=""
        className="tile"
        src="movieurl.com/movieposter/"
      />
    </div>
    <div
      className="tile"
      key="ab0ad341-318c-48c8-abd0-0e2a78309609"
    >
      <img
        alt=""
        className="tile"
        src="movieurl.com/movieposter/"
      />
    </div>
    <div
      className="tile"
      key="76d1aadf-4ce0-4a7a-b05f-f761f4b18dfd"
    >
      <img
        alt=""
        className="tile"
        src="movieurl.com/movieposter/"
      />
    </div>
    <div
      className="tile"
      key="deef225e-9eb4-442b-afd3-282214f2e871"
    >
      <img
        alt=""
        className="tile"
        src="movieurl.com/movieposter/"
      />
    </div>
    <div
      className="tile"
      key="f9463bb1-1881-44c9-a048-ab3aa996f632"
    >
      <img
        alt=""
        className="tile"
        src="movieurl.com/movieposter/"
      />
    </div>
    <div
      className="tile"
      key="aacee1a1-833d-4589-b8a3-7789c2ffbdbb"
    >
      <img
        alt=""
        className="tile"
        src="movieurl.com/movieposter/"
      />
    </div>
    <div
      className="tile"
      key="910acde3-dac1-40e9-95c2-561a0711f639"
    >
      <img
        alt=""
        className="tile"
        src="movieurl.com/movieposter/"
      />
    </div>
    <div
      className="tile"
      key="15d4b90a-4f8e-48ed-b396-f10166f01fbb"
    >
      <img
        alt=""
        className="tile"
        src="movieurl.com/movieposter/"
      />
    </div>
  </div>
</section>
`;
